[2026-07-25 06:54:52] local.ERROR: Target class [blade.compiler] does not exist. {"exception":"[object] (Illuminate\\Contracts\\Container\\BindingResolutionException(code: 0): Target class [blade.compiler] does not exist. at /home/fdaei/Downloads/sahra-fullstack/sahra/vendor/laravel/framework/src/Illuminate/Container/Container.php:1124)
[stacktrace]
#0 /home/fdaei/Downloads/sahra-fullstack/sahra/vendor/laravel/framework/src/Illuminate/Container/Container.php(933): Illuminate\\Container\\Container->build()
#1 /home/fdaei/Downloads/sahra-fullstack/sahra/vendor/laravel/framework/src/Illuminate/Foundation/Application.php(1078): Illuminate\\Container\\Container->resolve()
#2 /home/fdaei/Downloads/sahra-fullstack/sahra/vendor/laravel/framework/src/Illuminate/Container/Container.php(864): Illuminate\\Foundation\\Application->resolve()
#3 /home/fdaei/Downloads/sahra-fullstack/sahra/vendor/laravel/framework/src/Illuminate/Foundation/Application.php(1058): Illuminate\\Container\\Container->make()
#4 /home/fdaei/Downloads/sahra-fullstack/sahra/vendor/laravel/framework/src/Illuminate/Container/Container.php(1805): Illuminate\\Foundation\\Application->make()
#5 /home/fdaei/Downloads/sahra-fullstack/sahra/vendor/laravel/framework/src/Illuminate/Support/Facades/Facade.php(240): Illuminate\\Container\\Container->offsetGet()
#6 /home/fdaei/Downloads/sahra-fullstack/sahra/vendor/laravel/framework/src/Illuminate/Support/Facades/Facade.php(211): Illuminate\\Support\\Facades\\Facade::resolveFacadeInstance()
#7 /home/fdaei/Downloads/sahra-fullstack/sahra/vendor/laravel/framework/src/Illuminate/Support/Facades/Facade.php(357): Illuminate\\Support\\Facades\\Facade::getFacadeRoot()
#8 /home/fdaei/Downloads/sahra-fullstack/sahra/vendor/blade-ui-kit/blade-icons/src/BladeIconsServiceProvider.php(122): Illuminate\\Support\\Facades\\Facade::__callStatic()
#9 /home/fdaei/Downloads/sahra-fullstack/sahra/vendor/blade-ui-kit/blade-icons/src/BladeIconsServiceProvider.php(27): BladeUI\\Icons\\BladeIconsServiceProvider->bootDirectives()
#10 /home/fdaei/Downloads/sahra-fullstack/sahra/vendor/laravel/framework/src/Illuminate/Container/BoundMethod.php(36): BladeUI\\Icons\\BladeIconsServiceProvider->boot()
#11 /home/fdaei/Downloads/sahra-fullstack/sahra/vendor/laravel/framework/src/Illuminate/Container/Util.php(43): Illuminate\\Container\\BoundMethod::{closure:Illuminate\\Container\\BoundMethod::call():35}()
#12 /home/fdaei/Downloads/sahra-fullstack/sahra/vendor/laravel/framework/src/Illuminate/Container/BoundMethod.php(96): Illuminate\\Container\\Util::unwrapIfClosure()
#13 /home/fdaei/Downloads/sahra-fullstack/sahra/vendor/laravel/framework/src/Illuminate/Container/BoundMethod.php(35): Illuminate\\Container\\BoundMethod::callBoundMethod()
#14 /home/fdaei/Downloads/sahra-fullstack/sahra/vendor/laravel/framework/src/Illuminate/Container/Container.php(799): Illuminate\\Container\\BoundMethod::call()
#15 /home/fdaei/Downloads/sahra-fullstack/sahra/vendor/laravel/framework/src/Illuminate/Foundation/Application.php(1151): Illuminate\\Container\\Container->call()
#16 /home/fdaei/Downloads/sahra-fullstack/sahra/vendor/laravel/framework/src/Illuminate/Foundation/Application.php(1132): Illuminate\\Foundation\\Application->bootProvider()
#17 [internal function]: Illuminate\\Foundation\\Application->{closure:Illuminate\\Foundation\\Application::boot():1131}()
#18 /home/fdaei/Downloads/sahra-fullstack/sahra/vendor/laravel/framework/src/Illuminate/Foundation/Application.php(1131): array_walk()
#19 /home/fdaei/Downloads/sahra-fullstack/sahra/vendor/laravel/framework/src/Illuminate/Foundation/Bootstrap/BootProviders.php(17): Illuminate\\Foundation\\Application->boot()
#20 /home/fdaei/Downloads/sahra-fullstack/sahra/vendor/laravel/framework/src/Illuminate/Foundation/Application.php(342): Illuminate\\Foundation\\Bootstrap\\BootProviders->bootstrap()
#21 /home/fdaei/Downloads/sahra-fullstack/sahra/vendor/laravel/framework/src/Illuminate/Foundation/Console/Kernel.php(494): Illuminate\\Foundation\\Application->bootstrapWith()
#22 /home/fdaei/Downloads/sahra-fullstack/sahra/vendor/laravel/framework/src/Illuminate/Foundation/Console/Kernel.php(196): Illuminate\\Foundation\\Console\\Kernel->bootstrap()
#23 /home/fdaei/Downloads/sahra-fullstack/sahra/vendor/laravel/framework/src/Illuminate/Foundation/Application.php(1235): Illuminate\\Foundation\\Console\\Kernel->handle()
#24 /home/fdaei/Downloads/sahra-fullstack/sahra/artisan(14): Illuminate\\Foundation\\Application->handleCommand()
#25 {main}

[previous exception] [object] (ReflectionException(code: -1): Class \"blade.compiler\" does not exist at /home/fdaei/Downloads/sahra-fullstack/sahra/vendor/laravel/framework/src/Illuminate/Container/Container.php:1122)
[stacktrace]
#0 /home/fdaei/Downloads/sahra-fullstack/sahra/vendor/laravel/framework/src/Illuminate/Container/Container.php(1122): ReflectionClass->__construct()
#1 /home/fdaei/Downloads/sahra-fullstack/sahra/vendor/laravel/framework/src/Illuminate/Container/Container.php(933): Illuminate\\Container\\Container->build()
#2 /home/fdaei/Downloads/sahra-fullstack/sahra/vendor/laravel/framework/src/Illuminate/Foundation/Application.php(1078): Illuminate\\Container\\Container->resolve()
#3 /home/fdaei/Downloads/sahra-fullstack/sahra/vendor/laravel/framework/src/Illuminate/Container/Container.php(864): Illuminate\\Foundation\\Application->resolve()
#4 /home/fdaei/Downloads/sahra-fullstack/sahra/vendor/laravel/framework/src/Illuminate/Foundation/Application.php(1058): Illuminate\\Container\\Container->make()
#5 /home/fdaei/Downloads/sahra-fullstack/sahra/vendor/laravel/framework/src/Illuminate/Container/Container.php(1805): Illuminate\\Foundation\\Application->make()
#6 /home/fdaei/Downloads/sahra-fullstack/sahra/vendor/laravel/framework/src/Illuminate/Support/Facades/Facade.php(240): Illuminate\\Container\\Container->offsetGet()
#7 /home/fdaei/Downloads/sahra-fullstack/sahra/vendor/laravel/framework/src/Illuminate/Support/Facades/Facade.php(211): Illuminate\\Support\\Facades\\Facade::resolveFacadeInstance()
#8 /home/fdaei/Downloads/sahra-fullstack/sahra/vendor/laravel/framework/src/Illuminate/Support/Facades/Facade.php(357): Illuminate\\Support\\Facades\\Facade::getFacadeRoot()
#9 /home/fdaei/Downloads/sahra-fullstack/sahra/vendor/blade-ui-kit/blade-icons/src/BladeIconsServiceProvider.php(122): Illuminate\\Support\\Facades\\Facade::__callStatic()
#10 /home/fdaei/Downloads/sahra-fullstack/sahra/vendor/blade-ui-kit/blade-icons/src/BladeIconsServiceProvider.php(27): BladeUI\\Icons\\BladeIconsServiceProvider->bootDirectives()
#11 /home/fdaei/Downloads/sahra-fullstack/sahra/vendor/laravel/framework/src/Illuminate/Container/BoundMethod.php(36): BladeUI\\Icons\\BladeIconsServiceProvider->boot()
#12 /home/fdaei/Downloads/sahra-fullstack/sahra/vendor/laravel/framework/src/Illuminate/Container/Util.php(43): Illuminate\\Container\\BoundMethod::{closure:Illuminate\\Container\\BoundMethod::call():35}()
#13 /home/fdaei/Downloads/sahra-fullstack/sahra/vendor/laravel/framework/src/Illuminate/Container/BoundMethod.php(96): Illuminate\\Container\\Util::unwrapIfClosure()
#14 /home/fdaei/Downloads/sahra-fullstack/sahra/vendor/laravel/framework/src/Illuminate/Container/BoundMethod.php(35): Illuminate\\Container\\BoundMethod::callBoundMethod()
#15 /home/fdaei/Downloads/sahra-fullstack/sahra/vendor/laravel/framework/src/Illuminate/Container/Container.php(799): Illuminate\\Container\\BoundMethod::call()
#16 /home/fdaei/Downloads/sahra-fullstack/sahra/vendor/laravel/framework/src/Illuminate/Foundation/Application.php(1151): Illuminate\\Container\\Container->call()
#17 /home/fdaei/Downloads/sahra-fullstack/sahra/vendor/laravel/framework/src/Illuminate/Foundation/Application.php(1132): Illuminate\\Foundation\\Application->bootProvider()
#18 [internal function]: Illuminate\\Foundation\\Application->{closure:Illuminate\\Foundation\\Application::boot():1131}()
#19 /home/fdaei/Downloads/sahra-fullstack/sahra/vendor/laravel/framework/src/Illuminate/Foundation/Application.php(1131): array_walk()
#20 /home/fdaei/Downloads/sahra-fullstack/sahra/vendor/laravel/framework/src/Illuminate/Foundation/Bootstrap/BootProviders.php(17): Illuminate\\Foundation\\Application->boot()
#21 /home/fdaei/Downloads/sahra-fullstack/sahra/vendor/laravel/framework/src/Illuminate/Foundation/Application.php(342): Illuminate\\Foundation\\Bootstrap\\BootProviders->bootstrap()
#22 /home/fdaei/Downloads/sahra-fullstack/sahra/vendor/laravel/framework/src/Illuminate/Foundation/Console/Kernel.php(494): Illuminate\\Foundation\\Application->bootstrapWith()
#23 /home/fdaei/Downloads/sahra-fullstack/sahra/vendor/laravel/framework/src/Illuminate/Foundation/Console/Kernel.php(196): Illuminate\\Foundation\\Console\\Kernel->bootstrap()
#24 /home/fdaei/Downloads/sahra-fullstack/sahra/vendor/laravel/framework/src/Illuminate/Foundation/Application.php(1235): Illuminate\\Foundation\\Console\\Kernel->handle()
#25 /home/fdaei/Downloads/sahra-fullstack/sahra/artisan(14): Illuminate\\Foundation\\Application->handleCommand()
#26 {main}
"} 
[2026-07-25 06:56:01] local.ERROR: Target class [blade.compiler] does not exist. {"exception":"[object] (Illuminate\\Contracts\\Container\\BindingResolutionException(code: 0): Target class [blade.compiler] does not exist. at /home/fdaei/Downloads/sahra-fullstack/sahra/vendor/laravel/framework/src/Illuminate/Container/Container.php:1124)
[stacktrace]
#0 /home/fdaei/Downloads/sahra-fullstack/sahra/vendor/laravel/framework/src/Illuminate/Container/Container.php(933): Illuminate\\Container\\Container->build()
#1 /home/fdaei/Downloads/sahra-fullstack/sahra/vendor/laravel/framework/src/Illuminate/Foundation/Application.php(1078): Illuminate\\Container\\Container->resolve()
#2 /home/fdaei/Downloads/sahra-fullstack/sahra/vendor/laravel/framework/src/Illuminate/Container/Container.php(864): Illuminate\\Foundation\\Application->resolve()
#3 /home/fdaei/Downloads/sahra-fullstack/sahra/vendor/laravel/framework/src/Illuminate/Foundation/Application.php(1058): Illuminate\\Container\\Container->make()
#4 /home/fdaei/Downloads/sahra-fullstack/sahra/vendor/laravel/framework/src/Illuminate/Container/Container.php(1805): Illuminate\\Foundation\\Application->make()
#5 /home/fdaei/Downloads/sahra-fullstack/sahra/vendor/laravel/framework/src/Illuminate/Support/Facades/Facade.php(240): Illuminate\\Container\\Container->offsetGet()
#6 /home/fdaei/Downloads/sahra-fullstack/sahra/vendor/laravel/framework/src/Illuminate/Support/Facades/Facade.php(211): Illuminate\\Support\\Facades\\Facade::resolveFacadeInstance()
#7 /home/fdaei/Downloads/sahra-fullstack/sahra/vendor/laravel/framework/src/Illuminate/Support/Facades/Facade.php(357): Illuminate\\Support\\Facades\\Facade::getFacadeRoot()
#8 /home/fdaei/Downloads/sahra-fullstack/sahra/vendor/blade-ui-kit/blade-icons/src/BladeIconsServiceProvider.php(122): Illuminate\\Support\\Facades\\Facade::__callStatic()
#9 /home/fdaei/Downloads/sahra-fullstack/sahra/vendor/blade-ui-kit/blade-icons/src/BladeIconsServiceProvider.php(27): BladeUI\\Icons\\BladeIconsServiceProvider->bootDirectives()
#10 /home/fdaei/Downloads/sahra-fullstack/sahra/vendor/laravel/framework/src/Illuminate/Container/BoundMethod.php(36): BladeUI\\Icons\\BladeIconsServiceProvider->boot()
#11 /home/fdaei/Downloads/sahra-fullstack/sahra/vendor/laravel/framework/src/Illuminate/Container/Util.php(43): Illuminate\\Container\\BoundMethod::{closure:Illuminate\\Container\\BoundMethod::call():35}()
#12 /home/fdaei/Downloads/sahra-fullstack/sahra/vendor/laravel/framework/src/Illuminate/Container/BoundMethod.php(96): Illuminate\\Container\\Util::unwrapIfClosure()
#13 /home/fdaei/Downloads/sahra-fullstack/sahra/vendor/laravel/framework/src/Illuminate/Container/BoundMethod.php(35): Illuminate\\Container\\BoundMethod::callBoundMethod()
#14 /home/fdaei/Downloads/sahra-fullstack/sahra/vendor/laravel/framework/src/Illuminate/Container/Container.php(799): Illuminate\\Container\\BoundMethod::call()
#15 /home/fdaei/Downloads/sahra-fullstack/sahra/vendor/laravel/framework/src/Illuminate/Foundation/Application.php(1151): Illuminate\\Container\\Container->call()
#16 /home/fdaei/Downloads/sahra-fullstack/sahra/vendor/laravel/framework/src/Illuminate/Foundation/Application.php(1132): Illuminate\\Foundation\\Application->bootProvider()
#17 [internal function]: Illuminate\\Foundation\\Application->{closure:Illuminate\\Foundation\\Application::boot():1131}()
#18 /home/fdaei/Downloads/sahra-fullstack/sahra/vendor/laravel/framework/src/Illuminate/Foundation/Application.php(1131): array_walk()
#19 /home/fdaei/Downloads/sahra-fullstack/sahra/vendor/laravel/framework/src/Illuminate/Foundation/Bootstrap/BootProviders.php(17): Illuminate\\Foundation\\Application->boot()
#20 /home/fdaei/Downloads/sahra-fullstack/sahra/vendor/laravel/framework/src/Illuminate/Foundation/Application.php(342): Illuminate\\Foundation\\Bootstrap\\BootProviders->bootstrap()
#21 /home/fdaei/Downloads/sahra-fullstack/sahra/vendor/laravel/framework/src/Illuminate/Foundation/Console/Kernel.php(494): Illuminate\\Foundation\\Application->bootstrapWith()
#22 /home/fdaei/Downloads/sahra-fullstack/sahra/vendor/laravel/framework/src/Illuminate/Foundation/Console/Kernel.php(196): Illuminate\\Foundation\\Console\\Kernel->bootstrap()
#23 /home/fdaei/Downloads/sahra-fullstack/sahra/vendor/laravel/framework/src/Illuminate/Foundation/Application.php(1235): Illuminate\\Foundation\\Console\\Kernel->handle()
#24 /home/fdaei/Downloads/sahra-fullstack/sahra/artisan(14): Illuminate\\Foundation\\Application->handleCommand()
#25 {main}

[previous exception] [object] (ReflectionException(code: -1): Class \"blade.compiler\" does not exist at /home/fdaei/Downloads/sahra-fullstack/sahra/vendor/laravel/framework/src/Illuminate/Container/Container.php:1122)
[stacktrace]
#0 /home/fdaei/Downloads/sahra-fullstack/sahra/vendor/laravel/framework/src/Illuminate/Container/Container.php(1122): ReflectionClass->__construct()
#1 /home/fdaei/Downloads/sahra-fullstack/sahra/vendor/laravel/framework/src/Illuminate/Container/Container.php(933): Illuminate\\Container\\Container->build()
#2 /home/fdaei/Downloads/sahra-fullstack/sahra/vendor/laravel/framework/src/Illuminate/Foundation/Application.php(1078): Illuminate\\Container\\Container->resolve()
#3 /home/fdaei/Downloads/sahra-fullstack/sahra/vendor/laravel/framework/src/Illuminate/Container/Container.php(864): Illuminate\\Foundation\\Application->resolve()
#4 /home/fdaei/Downloads/sahra-fullstack/sahra/vendor/laravel/framework/src/Illuminate/Foundation/Application.php(1058): Illuminate\\Container\\Container->make()
#5 /home/fdaei/Downloads/sahra-fullstack/sahra/vendor/laravel/framework/src/Illuminate/Container/Container.php(1805): Illuminate\\Foundation\\Application->make()
#6 /home/fdaei/Downloads/sahra-fullstack/sahra/vendor/laravel/framework/src/Illuminate/Support/Facades/Facade.php(240): Illuminate\\Container\\Container->offsetGet()
#7 /home/fdaei/Downloads/sahra-fullstack/sahra/vendor/laravel/framework/src/Illuminate/Support/Facades/Facade.php(211): Illuminate\\Support\\Facades\\Facade::resolveFacadeInstance()
#8 /home/fdaei/Downloads/sahra-fullstack/sahra/vendor/laravel/framework/src/Illuminate/Support/Facades/Facade.php(357): Illuminate\\Support\\Facades\\Facade::getFacadeRoot()
#9 /home/fdaei/Downloads/sahra-fullstack/sahra/vendor/blade-ui-kit/blade-icons/src/BladeIconsServiceProvider.php(122): Illuminate\\Support\\Facades\\Facade::__callStatic()
#10 /home/fdaei/Downloads/sahra-fullstack/sahra/vendor/blade-ui-kit/blade-icons/src/BladeIconsServiceProvider.php(27): BladeUI\\Icons\\BladeIconsServiceProvider->bootDirectives()
#11 /home/fdaei/Downloads/sahra-fullstack/sahra/vendor/laravel/framework/src/Illuminate/Container/BoundMethod.php(36): BladeUI\\Icons\\BladeIconsServiceProvider->boot()
#12 /home/fdaei/Downloads/sahra-fullstack/sahra/vendor/laravel/framework/src/Illuminate/Container/Util.php(43): Illuminate\\Container\\BoundMethod::{closure:Illuminate\\Container\\BoundMethod::call():35}()
#13 /home/fdaei/Downloads/sahra-fullstack/sahra/vendor/laravel/framework/src/Illuminate/Container/BoundMethod.php(96): Illuminate\\Container\\Util::unwrapIfClosure()
#14 /home/fdaei/Downloads/sahra-fullstack/sahra/vendor/laravel/framework/src/Illuminate/Container/BoundMethod.php(35): Illuminate\\Container\\BoundMethod::callBoundMethod()
#15 /home/fdaei/Downloads/sahra-fullstack/sahra/vendor/laravel/framework/src/Illuminate/Container/Container.php(799): Illuminate\\Container\\BoundMethod::call()
#16 /home/fdaei/Downloads/sahra-fullstack/sahra/vendor/laravel/framework/src/Illuminate/Foundation/Application.php(1151): Illuminate\\Container\\Container->call()
#17 /home/fdaei/Downloads/sahra-fullstack/sahra/vendor/laravel/framework/src/Illuminate/Foundation/Application.php(1132): Illuminate\\Foundation\\Application->bootProvider()
#18 [internal function]: Illuminate\\Foundation\\Application->{closure:Illuminate\\Foundation\\Application::boot():1131}()
#19 /home/fdaei/Downloads/sahra-fullstack/sahra/vendor/laravel/framework/src/Illuminate/Foundation/Application.php(1131): array_walk()
#20 /home/fdaei/Downloads/sahra-fullstack/sahra/vendor/laravel/framework/src/Illuminate/Foundation/Bootstrap/BootProviders.php(17): Illuminate\\Foundation\\Application->boot()
#21 /home/fdaei/Downloads/sahra-fullstack/sahra/vendor/laravel/framework/src/Illuminate/Foundation/Application.php(342): Illuminate\\Foundation\\Bootstrap\\BootProviders->bootstrap()
#22 /home/fdaei/Downloads/sahra-fullstack/sahra/vendor/laravel/framework/src/Illuminate/Foundation/Console/Kernel.php(494): Illuminate\\Foundation\\Application->bootstrapWith()
#23 /home/fdaei/Downloads/sahra-fullstack/sahra/vendor/laravel/framework/src/Illuminate/Foundation/Console/Kernel.php(196): Illuminate\\Foundation\\Console\\Kernel->bootstrap()
#24 /home/fdaei/Downloads/sahra-fullstack/sahra/vendor/laravel/framework/src/Illuminate/Foundation/Application.php(1235): Illuminate\\Foundation\\Console\\Kernel->handle()
#25 /home/fdaei/Downloads/sahra-fullstack/sahra/artisan(14): Illuminate\\Foundation\\Application->handleCommand()
#26 {main}
"} 
[2026-07-25 06:57:14] local.ERROR: Target class [blade.compiler] does not exist. {"exception":"[object] (Illuminate\\Contracts\\Container\\BindingResolutionException(code: 0): Target class [blade.compiler] does not exist. at /home/fdaei/Downloads/sahra-fullstack/sahra/vendor/laravel/framework/src/Illuminate/Container/Container.php:1124)
[stacktrace]
#0 /home/fdaei/Downloads/sahra-fullstack/sahra/vendor/laravel/framework/src/Illuminate/Container/Container.php(933): Illuminate\\Container\\Container->build()
#1 /home/fdaei/Downloads/sahra-fullstack/sahra/vendor/laravel/framework/src/Illuminate/Foundation/Application.php(1078): Illuminate\\Container\\Container->resolve()
#2 /home/fdaei/Downloads/sahra-fullstack/sahra/vendor/laravel/framework/src/Illuminate/Container/Container.php(864): Illuminate\\Foundation\\Application->resolve()
#3 /home/fdaei/Downloads/sahra-fullstack/sahra/vendor/laravel/framework/src/Illuminate/Foundation/Application.php(1058): Illuminate\\Container\\Container->make()
#4 /home/fdaei/Downloads/sahra-fullstack/sahra/vendor/laravel/framework/src/Illuminate/Container/Container.php(1805): Illuminate\\Foundation\\Application->make()
#5 /home/fdaei/Downloads/sahra-fullstack/sahra/vendor/laravel/framework/src/Illuminate/Support/Facades/Facade.php(240): Illuminate\\Container\\Container->offsetGet()
#6 /home/fdaei/Downloads/sahra-fullstack/sahra/vendor/laravel/framework/src/Illuminate/Support/Facades/Facade.php(211): Illuminate\\Support\\Facades\\Facade::resolveFacadeInstance()
#7 /home/fdaei/Downloads/sahra-fullstack/sahra/vendor/laravel/framework/src/Illuminate/Support/Facades/Facade.php(357): Illuminate\\Support\\Facades\\Facade::getFacadeRoot()
#8 /home/fdaei/Downloads/sahra-fullstack/sahra/vendor/blade-ui-kit/blade-icons/src/BladeIconsServiceProvider.php(122): Illuminate\\Support\\Facades\\Facade::__callStatic()
#9 /home/fdaei/Downloads/sahra-fullstack/sahra/vendor/blade-ui-kit/blade-icons/src/BladeIconsServiceProvider.php(27): BladeUI\\Icons\\BladeIconsServiceProvider->bootDirectives()
#10 /home/fdaei/Downloads/sahra-fullstack/sahra/vendor/laravel/framework/src/Illuminate/Container/BoundMethod.php(36): BladeUI\\Icons\\BladeIconsServiceProvider->boot()
#11 /home/fdaei/Downloads/sahra-fullstack/sahra/vendor/laravel/framework/src/Illuminate/Container/Util.php(43): Illuminate\\Container\\BoundMethod::{closure:Illuminate\\Container\\BoundMethod::call():35}()
#12 /home/fdaei/Downloads/sahra-fullstack/sahra/vendor/laravel/framework/src/Illuminate/Container/BoundMethod.php(96): Illuminate\\Container\\Util::unwrapIfClosure()
#13 /home/fdaei/Downloads/sahra-fullstack/sahra/vendor/laravel/framework/src/Illuminate/Container/BoundMethod.php(35): Illuminate\\Container\\BoundMethod::callBoundMethod()
#14 /home/fdaei/Downloads/sahra-fullstack/sahra/vendor/laravel/framework/src/Illuminate/Container/Container.php(799): Illuminate\\Container\\BoundMethod::call()
#15 /home/fdaei/Downloads/sahra-fullstack/sahra/vendor/laravel/framework/src/Illuminate/Foundation/Application.php(1151): Illuminate\\Container\\Container->call()
#16 /home/fdaei/Downloads/sahra-fullstack/sahra/vendor/laravel/framework/src/Illuminate/Foundation/Application.php(1132): Illuminate\\Foundation\\Application->bootProvider()
#17 [internal function]: Illuminate\\Foundation\\Application->{closure:Illuminate\\Foundation\\Application::boot():1131}()
#18 /home/fdaei/Downloads/sahra-fullstack/sahra/vendor/laravel/framework/src/Illuminate/Foundation/Application.php(1131): array_walk()
#19 /home/fdaei/Downloads/sahra-fullstack/sahra/vendor/laravel/framework/src/Illuminate/Foundation/Bootstrap/BootProviders.php(17): Illuminate\\Foundation\\Application->boot()
#20 /home/fdaei/Downloads/sahra-fullstack/sahra/vendor/laravel/framework/src/Illuminate/Foundation/Application.php(342): Illuminate\\Foundation\\Bootstrap\\BootProviders->bootstrap()
#21 /home/fdaei/Downloads/sahra-fullstack/sahra/vendor/laravel/framework/src/Illuminate/Foundation/Console/Kernel.php(494): Illuminate\\Foundation\\Application->bootstrapWith()
#22 /home/fdaei/Downloads/sahra-fullstack/sahra/vendor/laravel/framework/src/Illuminate/Foundation/Console/Kernel.php(196): Illuminate\\Foundation\\Console\\Kernel->bootstrap()
#23 /home/fdaei/Downloads/sahra-fullstack/sahra/vendor/laravel/framework/src/Illuminate/Foundation/Application.php(1235): Illuminate\\Foundation\\Console\\Kernel->handle()
#24 /home/fdaei/Downloads/sahra-fullstack/sahra/artisan(14): Illuminate\\Foundation\\Application->handleCommand()
#25 {main}

[previous exception] [object] (ReflectionException(code: -1): Class \"blade.compiler\" does not exist at /home/fdaei/Downloads/sahra-fullstack/sahra/vendor/laravel/framework/src/Illuminate/Container/Container.php:1122)
[stacktrace]
#0 /home/fdaei/Downloads/sahra-fullstack/sahra/vendor/laravel/framework/src/Illuminate/Container/Container.php(1122): ReflectionClass->__construct()
#1 /home/fdaei/Downloads/sahra-fullstack/sahra/vendor/laravel/framework/src/Illuminate/Container/Container.php(933): Illuminate\\Container\\Container->build()
#2 /home/fdaei/Downloads/sahra-fullstack/sahra/vendor/laravel/framework/src/Illuminate/Foundation/Application.php(1078): Illuminate\\Container\\Container->resolve()
#3 /home/fdaei/Downloads/sahra-fullstack/sahra/vendor/laravel/framework/src/Illuminate/Container/Container.php(864): Illuminate\\Foundation\\Application->resolve()
#4 /home/fdaei/Downloads/sahra-fullstack/sahra/vendor/laravel/framework/src/Illuminate/Foundation/Application.php(1058): Illuminate\\Container\\Container->make()
#5 /home/fdaei/Downloads/sahra-fullstack/sahra/vendor/laravel/framework/src/Illuminate/Container/Container.php(1805): Illuminate\\Foundation\\Application->make()
#6 /home/fdaei/Downloads/sahra-fullstack/sahra/vendor/laravel/framework/src/Illuminate/Support/Facades/Facade.php(240): Illuminate\\Container\\Container->offsetGet()
#7 /home/fdaei/Downloads/sahra-fullstack/sahra/vendor/laravel/framework/src/Illuminate/Support/Facades/Facade.php(211): Illuminate\\Support\\Facades\\Facade::resolveFacadeInstance()
#8 /home/fdaei/Downloads/sahra-fullstack/sahra/vendor/laravel/framework/src/Illuminate/Support/Facades/Facade.php(357): Illuminate\\Support\\Facades\\Facade::getFacadeRoot()
#9 /home/fdaei/Downloads/sahra-fullstack/sahra/vendor/blade-ui-kit/blade-icons/src/BladeIconsServiceProvider.php(122): Illuminate\\Support\\Facades\\Facade::__callStatic()
#10 /home/fdaei/Downloads/sahra-fullstack/sahra/vendor/blade-ui-kit/blade-icons/src/BladeIconsServiceProvider.php(27): BladeUI\\Icons\\BladeIconsServiceProvider->bootDirectives()
#11 /home/fdaei/Downloads/sahra-fullstack/sahra/vendor/laravel/framework/src/Illuminate/Container/BoundMethod.php(36): BladeUI\\Icons\\BladeIconsServiceProvider->boot()
#12 /home/fdaei/Downloads/sahra-fullstack/sahra/vendor/laravel/framework/src/Illuminate/Container/Util.php(43): Illuminate\\Container\\BoundMethod::{closure:Illuminate\\Container\\BoundMethod::call():35}()
#13 /home/fdaei/Downloads/sahra-fullstack/sahra/vendor/laravel/framework/src/Illuminate/Container/BoundMethod.php(96): Illuminate\\Container\\Util::unwrapIfClosure()
#14 /home/fdaei/Downloads/sahra-fullstack/sahra/vendor/laravel/framework/src/Illuminate/Container/BoundMethod.php(35): Illuminate\\Container\\BoundMethod::callBoundMethod()
#15 /home/fdaei/Downloads/sahra-fullstack/sahra/vendor/laravel/framework/src/Illuminate/Container/Container.php(799): Illuminate\\Container\\BoundMethod::call()
#16 /home/fdaei/Downloads/sahra-fullstack/sahra/vendor/laravel/framework/src/Illuminate/Foundation/Application.php(1151): Illuminate\\Container\\Container->call()
#17 /home/fdaei/Downloads/sahra-fullstack/sahra/vendor/laravel/framework/src/Illuminate/Foundation/Application.php(1132): Illuminate\\Foundation\\Application->bootProvider()
#18 [internal function]: Illuminate\\Foundation\\Application->{closure:Illuminate\\Foundation\\Application::boot():1131}()
#19 /home/fdaei/Downloads/sahra-fullstack/sahra/vendor/laravel/framework/src/Illuminate/Foundation/Application.php(1131): array_walk()
#20 /home/fdaei/Downloads/sahra-fullstack/sahra/vendor/laravel/framework/src/Illuminate/Foundation/Bootstrap/BootProviders.php(17): Illuminate\\Foundation\\Application->boot()
#21 /home/fdaei/Downloads/sahra-fullstack/sahra/vendor/laravel/framework/src/Illuminate/Foundation/Application.php(342): Illuminate\\Foundation\\Bootstrap\\BootProviders->bootstrap()
#22 /home/fdaei/Downloads/sahra-fullstack/sahra/vendor/laravel/framework/src/Illuminate/Foundation/Console/Kernel.php(494): Illuminate\\Foundation\\Application->bootstrapWith()
#23 /home/fdaei/Downloads/sahra-fullstack/sahra/vendor/laravel/framework/src/Illuminate/Foundation/Console/Kernel.php(196): Illuminate\\Foundation\\Console\\Kernel->bootstrap()
#24 /home/fdaei/Downloads/sahra-fullstack/sahra/vendor/laravel/framework/src/Illuminate/Foundation/Application.php(1235): Illuminate\\Foundation\\Console\\Kernel->handle()
#25 /home/fdaei/Downloads/sahra-fullstack/sahra/artisan(14): Illuminate\\Foundation\\Application->handleCommand()
#26 {main}
"} 
[2026-07-25 06:59:48] local.ERROR: Target class [blade.compiler] does not exist. {"exception":"[object] (Illuminate\\Contracts\\Container\\BindingResolutionException(code: 0): Target class [blade.compiler] does not exist. at /home/fdaei/Downloads/sahra-fullstack/sahra/vendor/laravel/framework/src/Illuminate/Container/Container.php:1124)
[stacktrace]
#0 /home/fdaei/Downloads/sahra-fullstack/sahra/vendor/laravel/framework/src/Illuminate/Container/Container.php(933): Illuminate\\Container\\Container->build()
#1 /home/fdaei/Downloads/sahra-fullstack/sahra/vendor/laravel/framework/src/Illuminate/Foundation/Application.php(1078): Illuminate\\Container\\Container->resolve()
#2 /home/fdaei/Downloads/sahra-fullstack/sahra/vendor/laravel/framework/src/Illuminate/Container/Container.php(864): Illuminate\\Foundation\\Application->resolve()
#3 /home/fdaei/Downloads/sahra-fullstack/sahra/vendor/laravel/framework/src/Illuminate/Foundation/Application.php(1058): Illuminate\\Container\\Container->make()
#4 /home/fdaei/Downloads/sahra-fullstack/sahra/vendor/laravel/framework/src/Illuminate/Container/Container.php(1805): Illuminate\\Foundation\\Application->make()
#5 /home/fdaei/Downloads/sahra-fullstack/sahra/vendor/laravel/framework/src/Illuminate/Support/Facades/Facade.php(240): Illuminate\\Container\\Container->offsetGet()
#6 /home/fdaei/Downloads/sahra-fullstack/sahra/vendor/laravel/framework/src/Illuminate/Support/Facades/Facade.php(211): Illuminate\\Support\\Facades\\Facade::resolveFacadeInstance()
#7 /home/fdaei/Downloads/sahra-fullstack/sahra/vendor/laravel/framework/src/Illuminate/Support/Facades/Facade.php(357): Illuminate\\Support\\Facades\\Facade::getFacadeRoot()
#8 /home/fdaei/Downloads/sahra-fullstack/sahra/vendor/blade-ui-kit/blade-icons/src/BladeIconsServiceProvider.php(122): Illuminate\\Support\\Facades\\Facade::__callStatic()
#9 /home/fdaei/Downloads/sahra-fullstack/sahra/vendor/blade-ui-kit/blade-icons/src/BladeIconsServiceProvider.php(27): BladeUI\\Icons\\BladeIconsServiceProvider->bootDirectives()
#10 /home/fdaei/Downloads/sahra-fullstack/sahra/vendor/laravel/framework/src/Illuminate/Container/BoundMethod.php(36): BladeUI\\Icons\\BladeIconsServiceProvider->boot()
#11 /home/fdaei/Downloads/sahra-fullstack/sahra/vendor/laravel/framework/src/Illuminate/Container/Util.php(43): Illuminate\\Container\\BoundMethod::{closure:Illuminate\\Container\\BoundMethod::call():35}()
#12 /home/fdaei/Downloads/sahra-fullstack/sahra/vendor/laravel/framework/src/Illuminate/Container/BoundMethod.php(96): Illuminate\\Container\\Util::unwrapIfClosure()
#13 /home/fdaei/Downloads/sahra-fullstack/sahra/vendor/laravel/framework/src/Illuminate/Container/BoundMethod.php(35): Illuminate\\Container\\BoundMethod::callBoundMethod()
#14 /home/fdaei/Downloads/sahra-fullstack/sahra/vendor/laravel/framework/src/Illuminate/Container/Container.php(799): Illuminate\\Container\\BoundMethod::call()
#15 /home/fdaei/Downloads/sahra-fullstack/sahra/vendor/laravel/framework/src/Illuminate/Foundation/Application.php(1151): Illuminate\\Container\\Container->call()
#16 /home/fdaei/Downloads/sahra-fullstack/sahra/vendor/laravel/framework/src/Illuminate/Foundation/Application.php(1132): Illuminate\\Foundation\\Application->bootProvider()
#17 [internal function]: Illuminate\\Foundation\\Application->{closure:Illuminate\\Foundation\\Application::boot():1131}()
#18 /home/fdaei/Downloads/sahra-fullstack/sahra/vendor/laravel/framework/src/Illuminate/Foundation/Application.php(1131): array_walk()
#19 /home/fdaei/Downloads/sahra-fullstack/sahra/vendor/laravel/framework/src/Illuminate/Foundation/Bootstrap/BootProviders.php(17): Illuminate\\Foundation\\Application->boot()
#20 /home/fdaei/Downloads/sahra-fullstack/sahra/vendor/laravel/framework/src/Illuminate/Foundation/Application.php(342): Illuminate\\Foundation\\Bootstrap\\BootProviders->bootstrap()
#21 /home/fdaei/Downloads/sahra-fullstack/sahra/vendor/laravel/framework/src/Illuminate/Foundation/Console/Kernel.php(494): Illuminate\\Foundation\\Application->bootstrapWith()
#22 /home/fdaei/Downloads/sahra-fullstack/sahra/vendor/laravel/framework/src/Illuminate/Foundation/Console/Kernel.php(196): Illuminate\\Foundation\\Console\\Kernel->bootstrap()
#23 /home/fdaei/Downloads/sahra-fullstack/sahra/vendor/laravel/framework/src/Illuminate/Foundation/Application.php(1235): Illuminate\\Foundation\\Console\\Kernel->handle()
#24 /home/fdaei/Downloads/sahra-fullstack/sahra/artisan(14): Illuminate\\Foundation\\Application->handleCommand()
#25 {main}

[previous exception] [object] (ReflectionException(code: -1): Class \"blade.compiler\" does not exist at /home/fdaei/Downloads/sahra-fullstack/sahra/vendor/laravel/framework/src/Illuminate/Container/Container.php:1122)
[stacktrace]
#0 /home/fdaei/Downloads/sahra-fullstack/sahra/vendor/laravel/framework/src/Illuminate/Container/Container.php(1122): ReflectionClass->__construct()
#1 /home/fdaei/Downloads/sahra-fullstack/sahra/vendor/laravel/framework/src/Illuminate/Container/Container.php(933): Illuminate\\Container\\Container->build()
#2 /home/fdaei/Downloads/sahra-fullstack/sahra/vendor/laravel/framework/src/Illuminate/Foundation/Application.php(1078): Illuminate\\Container\\Container->resolve()
#3 /home/fdaei/Downloads/sahra-fullstack/sahra/vendor/laravel/framework/src/Illuminate/Container/Container.php(864): Illuminate\\Foundation\\Application->resolve()
#4 /home/fdaei/Downloads/sahra-fullstack/sahra/vendor/laravel/framework/src/Illuminate/Foundation/Application.php(1058): Illuminate\\Container\\Container->make()
#5 /home/fdaei/Downloads/sahra-fullstack/sahra/vendor/laravel/framework/src/Illuminate/Container/Container.php(1805): Illuminate\\Foundation\\Application->make()
#6 /home/fdaei/Downloads/sahra-fullstack/sahra/vendor/laravel/framework/src/Illuminate/Support/Facades/Facade.php(240): Illuminate\\Container\\Container->offsetGet()
#7 /home/fdaei/Downloads/sahra-fullstack/sahra/vendor/laravel/framework/src/Illuminate/Support/Facades/Facade.php(211): Illuminate\\Support\\Facades\\Facade::resolveFacadeInstance()
#8 /home/fdaei/Downloads/sahra-fullstack/sahra/vendor/laravel/framework/src/Illuminate/Support/Facades/Facade.php(357): Illuminate\\Support\\Facades\\Facade::getFacadeRoot()
#9 /home/fdaei/Downloads/sahra-fullstack/sahra/vendor/blade-ui-kit/blade-icons/src/BladeIconsServiceProvider.php(122): Illuminate\\Support\\Facades\\Facade::__callStatic()
#10 /home/fdaei/Downloads/sahra-fullstack/sahra/vendor/blade-ui-kit/blade-icons/src/BladeIconsServiceProvider.php(27): BladeUI\\Icons\\BladeIconsServiceProvider->bootDirectives()
#11 /home/fdaei/Downloads/sahra-fullstack/sahra/vendor/laravel/framework/src/Illuminate/Container/BoundMethod.php(36): BladeUI\\Icons\\BladeIconsServiceProvider->boot()
#12 /home/fdaei/Downloads/sahra-fullstack/sahra/vendor/laravel/framework/src/Illuminate/Container/Util.php(43): Illuminate\\Container\\BoundMethod::{closure:Illuminate\\Container\\BoundMethod::call():35}()
#13 /home/fdaei/Downloads/sahra-fullstack/sahra/vendor/laravel/framework/src/Illuminate/Container/BoundMethod.php(96): Illuminate\\Container\\Util::unwrapIfClosure()
#14 /home/fdaei/Downloads/sahra-fullstack/sahra/vendor/laravel/framework/src/Illuminate/Container/BoundMethod.php(35): Illuminate\\Container\\BoundMethod::callBoundMethod()
#15 /home/fdaei/Downloads/sahra-fullstack/sahra/vendor/laravel/framework/src/Illuminate/Container/Container.php(799): Illuminate\\Container\\BoundMethod::call()
#16 /home/fdaei/Downloads/sahra-fullstack/sahra/vendor/laravel/framework/src/Illuminate/Foundation/Application.php(1151): Illuminate\\Container\\Container->call()
#17 /home/fdaei/Downloads/sahra-fullstack/sahra/vendor/laravel/framework/src/Illuminate/Foundation/Application.php(1132): Illuminate\\Foundation\\Application->bootProvider()
#18 [internal function]: Illuminate\\Foundation\\Application->{closure:Illuminate\\Foundation\\Application::boot():1131}()
#19 /home/fdaei/Downloads/sahra-fullstack/sahra/vendor/laravel/framework/src/Illuminate/Foundation/Application.php(1131): array_walk()
#20 /home/fdaei/Downloads/sahra-fullstack/sahra/vendor/laravel/framework/src/Illuminate/Foundation/Bootstrap/BootProviders.php(17): Illuminate\\Foundation\\Application->boot()
#21 /home/fdaei/Downloads/sahra-fullstack/sahra/vendor/laravel/framework/src/Illuminate/Foundation/Application.php(342): Illuminate\\Foundation\\Bootstrap\\BootProviders->bootstrap()
#22 /home/fdaei/Downloads/sahra-fullstack/sahra/vendor/laravel/framework/src/Illuminate/Foundation/Console/Kernel.php(494): Illuminate\\Foundation\\Application->bootstrapWith()
#23 /home/fdaei/Downloads/sahra-fullstack/sahra/vendor/laravel/framework/src/Illuminate/Foundation/Console/Kernel.php(196): Illuminate\\Foundation\\Console\\Kernel->bootstrap()
#24 /home/fdaei/Downloads/sahra-fullstack/sahra/vendor/laravel/framework/src/Illuminate/Foundation/Application.php(1235): Illuminate\\Foundation\\Console\\Kernel->handle()
#25 /home/fdaei/Downloads/sahra-fullstack/sahra/artisan(14): Illuminate\\Foundation\\Application->handleCommand()
#26 {main}
"} 
[2026-07-25 07:00:55] local.ERROR: Target class [blade.compiler] does not exist. {"exception":"[object] (Illuminate\\Contracts\\Container\\BindingResolutionException(code: 0): Target class [blade.compiler] does not exist. at /home/fdaei/Downloads/sahra-fullstack/sahra/vendor/laravel/framework/src/Illuminate/Container/Container.php:1124)
[stacktrace]
#0 /home/fdaei/Downloads/sahra-fullstack/sahra/vendor/laravel/framework/src/Illuminate/Container/Container.php(933): Illuminate\\Container\\Container->build()
#1 /home/fdaei/Downloads/sahra-fullstack/sahra/vendor/laravel/framework/src/Illuminate/Foundation/Application.php(1078): Illuminate\\Container\\Container->resolve()
#2 /home/fdaei/Downloads/sahra-fullstack/sahra/vendor/laravel/framework/src/Illuminate/Container/Container.php(864): Illuminate\\Foundation\\Application->resolve()
#3 /home/fdaei/Downloads/sahra-fullstack/sahra/vendor/laravel/framework/src/Illuminate/Foundation/Application.php(1058): Illuminate\\Container\\Container->make()
#4 /home/fdaei/Downloads/sahra-fullstack/sahra/vendor/laravel/framework/src/Illuminate/Container/Container.php(1805): Illuminate\\Foundation\\Application->make()
#5 /home/fdaei/Downloads/sahra-fullstack/sahra/vendor/laravel/framework/src/Illuminate/Support/Facades/Facade.php(240): Illuminate\\Container\\Container->offsetGet()
#6 /home/fdaei/Downloads/sahra-fullstack/sahra/vendor/laravel/framework/src/Illuminate/Support/Facades/Facade.php(211): Illuminate\\Support\\Facades\\Facade::resolveFacadeInstance()
#7 /home/fdaei/Downloads/sahra-fullstack/sahra/vendor/laravel/framework/src/Illuminate/Support/Facades/Facade.php(357): Illuminate\\Support\\Facades\\Facade::getFacadeRoot()
#8 /home/fdaei/Downloads/sahra-fullstack/sahra/vendor/blade-ui-kit/blade-icons/src/BladeIconsServiceProvider.php(122): Illuminate\\Support\\Facades\\Facade::__callStatic()
#9 /home/fdaei/Downloads/sahra-fullstack/sahra/vendor/blade-ui-kit/blade-icons/src/BladeIconsServiceProvider.php(27): BladeUI\\Icons\\BladeIconsServiceProvider->bootDirectives()
#10 /home/fdaei/Downloads/sahra-fullstack/sahra/vendor/laravel/framework/src/Illuminate/Container/BoundMethod.php(36): BladeUI\\Icons\\BladeIconsServiceProvider->boot()
#11 /home/fdaei/Downloads/sahra-fullstack/sahra/vendor/laravel/framework/src/Illuminate/Container/Util.php(43): Illuminate\\Container\\BoundMethod::{closure:Illuminate\\Container\\BoundMethod::call():35}()
#12 /home/fdaei/Downloads/sahra-fullstack/sahra/vendor/laravel/framework/src/Illuminate/Container/BoundMethod.php(96): Illuminate\\Container\\Util::unwrapIfClosure()
#13 /home/fdaei/Downloads/sahra-fullstack/sahra/vendor/laravel/framework/src/Illuminate/Container/BoundMethod.php(35): Illuminate\\Container\\BoundMethod::callBoundMethod()
#14 /home/fdaei/Downloads/sahra-fullstack/sahra/vendor/laravel/framework/src/Illuminate/Container/Container.php(799): Illuminate\\Container\\BoundMethod::call()
#15 /home/fdaei/Downloads/sahra-fullstack/sahra/vendor/laravel/framework/src/Illuminate/Foundation/Application.php(1151): Illuminate\\Container\\Container->call()
#16 /home/fdaei/Downloads/sahra-fullstack/sahra/vendor/laravel/framework/src/Illuminate/Foundation/Application.php(1132): Illuminate\\Foundation\\Application->bootProvider()
#17 [internal function]: Illuminate\\Foundation\\Application->{closure:Illuminate\\Foundation\\Application::boot():1131}()
#18 /home/fdaei/Downloads/sahra-fullstack/sahra/vendor/laravel/framework/src/Illuminate/Foundation/Application.php(1131): array_walk()
#19 /home/fdaei/Downloads/sahra-fullstack/sahra/vendor/laravel/framework/src/Illuminate/Foundation/Bootstrap/BootProviders.php(17): Illuminate\\Foundation\\Application->boot()
#20 /home/fdaei/Downloads/sahra-fullstack/sahra/vendor/laravel/framework/src/Illuminate/Foundation/Application.php(342): Illuminate\\Foundation\\Bootstrap\\BootProviders->bootstrap()
#21 /home/fdaei/Downloads/sahra-fullstack/sahra/vendor/laravel/framework/src/Illuminate/Foundation/Console/Kernel.php(494): Illuminate\\Foundation\\Application->bootstrapWith()
#22 /home/fdaei/Downloads/sahra-fullstack/sahra/vendor/laravel/framework/src/Illuminate/Foundation/Console/Kernel.php(196): Illuminate\\Foundation\\Console\\Kernel->bootstrap()
#23 /home/fdaei/Downloads/sahra-fullstack/sahra/vendor/laravel/framework/src/Illuminate/Foundation/Application.php(1235): Illuminate\\Foundation\\Console\\Kernel->handle()
#24 /home/fdaei/Downloads/sahra-fullstack/sahra/artisan(14): Illuminate\\Foundation\\Application->handleCommand()
#25 {main}

[previous exception] [object] (ReflectionException(code: -1): Class \"blade.compiler\" does not exist at /home/fdaei/Downloads/sahra-fullstack/sahra/vendor/laravel/framework/src/Illuminate/Container/Container.php:1122)
[stacktrace]
#0 /home/fdaei/Downloads/sahra-fullstack/sahra/vendor/laravel/framework/src/Illuminate/Container/Container.php(1122): ReflectionClass->__construct()
#1 /home/fdaei/Downloads/sahra-fullstack/sahra/vendor/laravel/framework/src/Illuminate/Container/Container.php(933): Illuminate\\Container\\Container->build()
#2 /home/fdaei/Downloads/sahra-fullstack/sahra/vendor/laravel/framework/src/Illuminate/Foundation/Application.php(1078): Illuminate\\Container\\Container->resolve()
#3 /home/fdaei/Downloads/sahra-fullstack/sahra/vendor/laravel/framework/src/Illuminate/Container/Container.php(864): Illuminate\\Foundation\\Application->resolve()
#4 /home/fdaei/Downloads/sahra-fullstack/sahra/vendor/laravel/framework/src/Illuminate/Foundation/Application.php(1058): Illuminate\\Container\\Container->make()
#5 /home/fdaei/Downloads/sahra-fullstack/sahra/vendor/laravel/framework/src/Illuminate/Container/Container.php(1805): Illuminate\\Foundation\\Application->make()
#6 /home/fdaei/Downloads/sahra-fullstack/sahra/vendor/laravel/framework/src/Illuminate/Support/Facades/Facade.php(240): Illuminate\\Container\\Container->offsetGet()
#7 /home/fdaei/Downloads/sahra-fullstack/sahra/vendor/laravel/framework/src/Illuminate/Support/Facades/Facade.php(211): Illuminate\\Support\\Facades\\Facade::resolveFacadeInstance()
#8 /home/fdaei/Downloads/sahra-fullstack/sahra/vendor/laravel/framework/src/Illuminate/Support/Facades/Facade.php(357): Illuminate\\Support\\Facades\\Facade::getFacadeRoot()
#9 /home/fdaei/Downloads/sahra-fullstack/sahra/vendor/blade-ui-kit/blade-icons/src/BladeIconsServiceProvider.php(122): Illuminate\\Support\\Facades\\Facade::__callStatic()
#10 /home/fdaei/Downloads/sahra-fullstack/sahra/vendor/blade-ui-kit/blade-icons/src/BladeIconsServiceProvider.php(27): BladeUI\\Icons\\BladeIconsServiceProvider->bootDirectives()
#11 /home/fdaei/Downloads/sahra-fullstack/sahra/vendor/laravel/framework/src/Illuminate/Container/BoundMethod.php(36): BladeUI\\Icons\\BladeIconsServiceProvider->boot()
#12 /home/fdaei/Downloads/sahra-fullstack/sahra/vendor/laravel/framework/src/Illuminate/Container/Util.php(43): Illuminate\\Container\\BoundMethod::{closure:Illuminate\\Container\\BoundMethod::call():35}()
#13 /home/fdaei/Downloads/sahra-fullstack/sahra/vendor/laravel/framework/src/Illuminate/Container/BoundMethod.php(96): Illuminate\\Container\\Util::unwrapIfClosure()
#14 /home/fdaei/Downloads/sahra-fullstack/sahra/vendor/laravel/framework/src/Illuminate/Container/BoundMethod.php(35): Illuminate\\Container\\BoundMethod::callBoundMethod()
#15 /home/fdaei/Downloads/sahra-fullstack/sahra/vendor/laravel/framework/src/Illuminate/Container/Container.php(799): Illuminate\\Container\\BoundMethod::call()
#16 /home/fdaei/Downloads/sahra-fullstack/sahra/vendor/laravel/framework/src/Illuminate/Foundation/Application.php(1151): Illuminate\\Container\\Container->call()
#17 /home/fdaei/Downloads/sahra-fullstack/sahra/vendor/laravel/framework/src/Illuminate/Foundation/Application.php(1132): Illuminate\\Foundation\\Application->bootProvider()
#18 [internal function]: Illuminate\\Foundation\\Application->{closure:Illuminate\\Foundation\\Application::boot():1131}()
#19 /home/fdaei/Downloads/sahra-fullstack/sahra/vendor/laravel/framework/src/Illuminate/Foundation/Application.php(1131): array_walk()
#20 /home/fdaei/Downloads/sahra-fullstack/sahra/vendor/laravel/framework/src/Illuminate/Foundation/Bootstrap/BootProviders.php(17): Illuminate\\Foundation\\Application->boot()
#21 /home/fdaei/Downloads/sahra-fullstack/sahra/vendor/laravel/framework/src/Illuminate/Foundation/Application.php(342): Illuminate\\Foundation\\Bootstrap\\BootProviders->bootstrap()
#22 /home/fdaei/Downloads/sahra-fullstack/sahra/vendor/laravel/framework/src/Illuminate/Foundation/Console/Kernel.php(494): Illuminate\\Foundation\\Application->bootstrapWith()
#23 /home/fdaei/Downloads/sahra-fullstack/sahra/vendor/laravel/framework/src/Illuminate/Foundation/Console/Kernel.php(196): Illuminate\\Foundation\\Console\\Kernel->bootstrap()
#24 /home/fdaei/Downloads/sahra-fullstack/sahra/vendor/laravel/framework/src/Illuminate/Foundation/Application.php(1235): Illuminate\\Foundation\\Console\\Kernel->handle()
#25 /home/fdaei/Downloads/sahra-fullstack/sahra/artisan(14): Illuminate\\Foundation\\Application->handleCommand()
#26 {main}
"} 
[2026-07-25 07:01:52] local.ERROR: Target class [blade.compiler] does not exist. {"exception":"[object] (Illuminate\\Contracts\\Container\\BindingResolutionException(code: 0): Target class [blade.compiler] does not exist. at /home/fdaei/Downloads/sahra-fullstack/sahra/vendor/laravel/framework/src/Illuminate/Container/Container.php:1124)
[stacktrace]
#0 /home/fdaei/Downloads/sahra-fullstack/sahra/vendor/laravel/framework/src/Illuminate/Container/Container.php(933): Illuminate\\Container\\Container->build()
#1 /home/fdaei/Downloads/sahra-fullstack/sahra/vendor/laravel/framework/src/Illuminate/Foundation/Application.php(1078): Illuminate\\Container\\Container->resolve()
#2 /home/fdaei/Downloads/sahra-fullstack/sahra/vendor/laravel/framework/src/Illuminate/Container/Container.php(864): Illuminate\\Foundation\\Application->resolve()
#3 /home/fdaei/Downloads/sahra-fullstack/sahra/vendor/laravel/framework/src/Illuminate/Foundation/Application.php(1058): Illuminate\\Container\\Container->make()
#4 /home/fdaei/Downloads/sahra-fullstack/sahra/vendor/laravel/framework/src/Illuminate/Container/Container.php(1805): Illuminate\\Foundation\\Application->make()
#5 /home/fdaei/Downloads/sahra-fullstack/sahra/vendor/laravel/framework/src/Illuminate/Support/Facades/Facade.php(240): Illuminate\\Container\\Container->offsetGet()
#6 /home/fdaei/Downloads/sahra-fullstack/sahra/vendor/laravel/framework/src/Illuminate/Support/Facades/Facade.php(211): Illuminate\\Support\\Facades\\Facade::resolveFacadeInstance()
#7 /home/fdaei/Downloads/sahra-fullstack/sahra/vendor/laravel/framework/src/Illuminate/Support/Facades/Facade.php(357): Illuminate\\Support\\Facades\\Facade::getFacadeRoot()
#8 /home/fdaei/Downloads/sahra-fullstack/sahra/vendor/blade-ui-kit/blade-icons/src/BladeIconsServiceProvider.php(122): Illuminate\\Support\\Facades\\Facade::__callStatic()
#9 /home/fdaei/Downloads/sahra-fullstack/sahra/vendor/blade-ui-kit/blade-icons/src/BladeIconsServiceProvider.php(27): BladeUI\\Icons\\BladeIconsServiceProvider->bootDirectives()
#10 /home/fdaei/Downloads/sahra-fullstack/sahra/vendor/laravel/framework/src/Illuminate/Container/BoundMethod.php(36): BladeUI\\Icons\\BladeIconsServiceProvider->boot()
#11 /home/fdaei/Downloads/sahra-fullstack/sahra/vendor/laravel/framework/src/Illuminate/Container/Util.php(43): Illuminate\\Container\\BoundMethod::{closure:Illuminate\\Container\\BoundMethod::call():35}()
#12 /home/fdaei/Downloads/sahra-fullstack/sahra/vendor/laravel/framework/src/Illuminate/Container/BoundMethod.php(96): Illuminate\\Container\\Util::unwrapIfClosure()
#13 /home/fdaei/Downloads/sahra-fullstack/sahra/vendor/laravel/framework/src/Illuminate/Container/BoundMethod.php(35): Illuminate\\Container\\BoundMethod::callBoundMethod()
#14 /home/fdaei/Downloads/sahra-fullstack/sahra/vendor/laravel/framework/src/Illuminate/Container/Container.php(799): Illuminate\\Container\\BoundMethod::call()
#15 /home/fdaei/Downloads/sahra-fullstack/sahra/vendor/laravel/framework/src/Illuminate/Foundation/Application.php(1151): Illuminate\\Container\\Container->call()
#16 /home/fdaei/Downloads/sahra-fullstack/sahra/vendor/laravel/framework/src/Illuminate/Foundation/Application.php(1132): Illuminate\\Foundation\\Application->bootProvider()
#17 [internal function]: Illuminate\\Foundation\\Application->{closure:Illuminate\\Foundation\\Application::boot():1131}()
#18 /home/fdaei/Downloads/sahra-fullstack/sahra/vendor/laravel/framework/src/Illuminate/Foundation/Application.php(1131): array_walk()
#19 /home/fdaei/Downloads/sahra-fullstack/sahra/vendor/laravel/framework/src/Illuminate/Foundation/Bootstrap/BootProviders.php(17): Illuminate\\Foundation\\Application->boot()
#20 /home/fdaei/Downloads/sahra-fullstack/sahra/vendor/laravel/framework/src/Illuminate/Foundation/Application.php(342): Illuminate\\Foundation\\Bootstrap\\BootProviders->bootstrap()
#21 /home/fdaei/Downloads/sahra-fullstack/sahra/vendor/laravel/framework/src/Illuminate/Foundation/Console/Kernel.php(494): Illuminate\\Foundation\\Application->bootstrapWith()
#22 /home/fdaei/Downloads/sahra-fullstack/sahra/vendor/laravel/framework/src/Illuminate/Foundation/Console/Kernel.php(196): Illuminate\\Foundation\\Console\\Kernel->bootstrap()
#23 /home/fdaei/Downloads/sahra-fullstack/sahra/vendor/laravel/framework/src/Illuminate/Foundation/Application.php(1235): Illuminate\\Foundation\\Console\\Kernel->handle()
#24 /home/fdaei/Downloads/sahra-fullstack/sahra/artisan(14): Illuminate\\Foundation\\Application->handleCommand()
#25 {main}

[previous exception] [object] (ReflectionException(code: -1): Class \"blade.compiler\" does not exist at /home/fdaei/Downloads/sahra-fullstack/sahra/vendor/laravel/framework/src/Illuminate/Container/Container.php:1122)
[stacktrace]
#0 /home/fdaei/Downloads/sahra-fullstack/sahra/vendor/laravel/framework/src/Illuminate/Container/Container.php(1122): ReflectionClass->__construct()
#1 /home/fdaei/Downloads/sahra-fullstack/sahra/vendor/laravel/framework/src/Illuminate/Container/Container.php(933): Illuminate\\Container\\Container->build()
#2 /home/fdaei/Downloads/sahra-fullstack/sahra/vendor/laravel/framework/src/Illuminate/Foundation/Application.php(1078): Illuminate\\Container\\Container->resolve()
#3 /home/fdaei/Downloads/sahra-fullstack/sahra/vendor/laravel/framework/src/Illuminate/Container/Container.php(864): Illuminate\\Foundation\\Application->resolve()
#4 /home/fdaei/Downloads/sahra-fullstack/sahra/vendor/laravel/framework/src/Illuminate/Foundation/Application.php(1058): Illuminate\\Container\\Container->make()
#5 /home/fdaei/Downloads/sahra-fullstack/sahra/vendor/laravel/framework/src/Illuminate/Container/Container.php(1805): Illuminate\\Foundation\\Application->make()
#6 /home/fdaei/Downloads/sahra-fullstack/sahra/vendor/laravel/framework/src/Illuminate/Support/Facades/Facade.php(240): Illuminate\\Container\\Container->offsetGet()
#7 /home/fdaei/Downloads/sahra-fullstack/sahra/vendor/laravel/framework/src/Illuminate/Support/Facades/Facade.php(211): Illuminate\\Support\\Facades\\Facade::resolveFacadeInstance()
#8 /home/fdaei/Downloads/sahra-fullstack/sahra/vendor/laravel/framework/src/Illuminate/Support/Facades/Facade.php(357): Illuminate\\Support\\Facades\\Facade::getFacadeRoot()
#9 /home/fdaei/Downloads/sahra-fullstack/sahra/vendor/blade-ui-kit/blade-icons/src/BladeIconsServiceProvider.php(122): Illuminate\\Support\\Facades\\Facade::__callStatic()
#10 /home/fdaei/Downloads/sahra-fullstack/sahra/vendor/blade-ui-kit/blade-icons/src/BladeIconsServiceProvider.php(27): BladeUI\\Icons\\BladeIconsServiceProvider->bootDirectives()
#11 /home/fdaei/Downloads/sahra-fullstack/sahra/vendor/laravel/framework/src/Illuminate/Container/BoundMethod.php(36): BladeUI\\Icons\\BladeIconsServiceProvider->boot()
#12 /home/fdaei/Downloads/sahra-fullstack/sahra/vendor/laravel/framework/src/Illuminate/Container/Util.php(43): Illuminate\\Container\\BoundMethod::{closure:Illuminate\\Container\\BoundMethod::call():35}()
#13 /home/fdaei/Downloads/sahra-fullstack/sahra/vendor/laravel/framework/src/Illuminate/Container/BoundMethod.php(96): Illuminate\\Container\\Util::unwrapIfClosure()
#14 /home/fdaei/Downloads/sahra-fullstack/sahra/vendor/laravel/framework/src/Illuminate/Container/BoundMethod.php(35): Illuminate\\Container\\BoundMethod::callBoundMethod()
#15 /home/fdaei/Downloads/sahra-fullstack/sahra/vendor/laravel/framework/src/Illuminate/Container/Container.php(799): Illuminate\\Container\\BoundMethod::call()
#16 /home/fdaei/Downloads/sahra-fullstack/sahra/vendor/laravel/framework/src/Illuminate/Foundation/Application.php(1151): Illuminate\\Container\\Container->call()
#17 /home/fdaei/Downloads/sahra-fullstack/sahra/vendor/laravel/framework/src/Illuminate/Foundation/Application.php(1132): Illuminate\\Foundation\\Application->bootProvider()
#18 [internal function]: Illuminate\\Foundation\\Application->{closure:Illuminate\\Foundation\\Application::boot():1131}()
#19 /home/fdaei/Downloads/sahra-fullstack/sahra/vendor/laravel/framework/src/Illuminate/Foundation/Application.php(1131): array_walk()
#20 /home/fdaei/Downloads/sahra-fullstack/sahra/vendor/laravel/framework/src/Illuminate/Foundation/Bootstrap/BootProviders.php(17): Illuminate\\Foundation\\Application->boot()
#21 /home/fdaei/Downloads/sahra-fullstack/sahra/vendor/laravel/framework/src/Illuminate/Foundation/Application.php(342): Illuminate\\Foundation\\Bootstrap\\BootProviders->bootstrap()
#22 /home/fdaei/Downloads/sahra-fullstack/sahra/vendor/laravel/framework/src/Illuminate/Foundation/Console/Kernel.php(494): Illuminate\\Foundation\\Application->bootstrapWith()
#23 /home/fdaei/Downloads/sahra-fullstack/sahra/vendor/laravel/framework/src/Illuminate/Foundation/Console/Kernel.php(196): Illuminate\\Foundation\\Console\\Kernel->bootstrap()
#24 /home/fdaei/Downloads/sahra-fullstack/sahra/vendor/laravel/framework/src/Illuminate/Foundation/Application.php(1235): Illuminate\\Foundation\\Console\\Kernel->handle()
#25 /home/fdaei/Downloads/sahra-fullstack/sahra/artisan(14): Illuminate\\Foundation\\Application->handleCommand()
#26 {main}
"} 
[2026-07-25 07:02:57] local.ERROR: SQLSTATE[HY000] [1045] Access denied for user 'root'@'localhost' (using password: NO) (Connection: mysql, Host: 127.0.0.1, Port: 3306, Database: sahra, SQL: select exists (select 1 from information_schema.tables where table_schema = schema() and table_name = 'migrations' and table_type in ('BASE TABLE', 'SYSTEM VERSIONED')) as `exists`) {"exception":"[object] (Illuminate\\Database\\QueryException(code: 1045): SQLSTATE[HY000] [1045] Access denied for user 'root'@'localhost' (using password: NO) (Connection: mysql, Host: 127.0.0.1, Port: 3306, Database: sahra, SQL: select exists (select 1 from information_schema.tables where table_schema = schema() and table_name = 'migrations' and table_type in ('BASE TABLE', 'SYSTEM VERSIONED')) as `exists`) at /home/fdaei/Downloads/sahra-fullstack/sahra/vendor/laravel/framework/src/Illuminate/Database/Connection.php:838)
[stacktrace]
#0 /home/fdaei/Downloads/sahra-fullstack/sahra/vendor/laravel/framework/src/Illuminate/Database/Connection.php(999): Illuminate\\Database\\Connection->runQueryCallback()
#1 /home/fdaei/Downloads/sahra-fullstack/sahra/vendor/laravel/framework/src/Illuminate/Database/Connection.php(978): Illuminate\\Database\\Connection->tryAgainIfCausedByLostConnection()
#2 /home/fdaei/Downloads/sahra-fullstack/sahra/vendor/laravel/framework/src/Illuminate/Database/Connection.php(796): Illuminate\\Database\\Connection->handleQueryException()
#3 /home/fdaei/Downloads/sahra-fullstack/sahra/vendor/laravel/framework/src/Illuminate/Database/Connection.php(411): Illuminate\\Database\\Connection->run()
#4 /home/fdaei/Downloads/sahra-fullstack/sahra/vendor/laravel/framework/src/Illuminate/Database/Connection.php(357): Illuminate\\Database\\Connection->select()
#5 /home/fdaei/Downloads/sahra-fullstack/sahra/vendor/laravel/framework/src/Illuminate/Database/Connection.php(374): Illuminate\\Database\\Connection->selectOne()
#6 /home/fdaei/Downloads/sahra-fullstack/sahra/vendor/laravel/framework/src/Illuminate/Database/Schema/Builder.php(176): Illuminate\\Database\\Connection->scalar()
#7 /home/fdaei/Downloads/sahra-fullstack/sahra/vendor/laravel/framework/src/Illuminate/Database/Migrations/DatabaseMigrationRepository.php(185): Illuminate\\Database\\Schema\\Builder->hasTable()
#8 /home/fdaei/Downloads/sahra-fullstack/sahra/vendor/laravel/framework/src/Illuminate/Database/Migrations/Migrator.php(758): Illuminate\\Database\\Migrations\\DatabaseMigrationRepository->repositoryExists()
#9 /home/fdaei/Downloads/sahra-fullstack/sahra/vendor/laravel/framework/src/Illuminate/Database/Console/Migrations/MigrateCommand.php(164): Illuminate\\Database\\Migrations\\Migrator->repositoryExists()
#10 /home/fdaei/Downloads/sahra-fullstack/sahra/vendor/laravel/framework/src/Illuminate/Support/helpers.php(328): Illuminate\\Database\\Console\\Migrations\\MigrateCommand->{closure:Illuminate\\Database\\Console\\Migrations\\MigrateCommand::repositoryExists():164}()
#11 /home/fdaei/Downloads/sahra-fullstack/sahra/vendor/laravel/framework/src/Illuminate/Database/Console/Migrations/MigrateCommand.php(164): retry()
#12 /home/fdaei/Downloads/sahra-fullstack/sahra/vendor/laravel/framework/src/Illuminate/Database/Console/Migrations/MigrateCommand.php(140): Illuminate\\Database\\Console\\Migrations\\MigrateCommand->repositoryExists()
#13 /home/fdaei/Downloads/sahra-fullstack/sahra/vendor/laravel/framework/src/Illuminate/Database/Console/Migrations/MigrateCommand.php(110): Illuminate\\Database\\Console\\Migrations\\MigrateCommand->prepareDatabase()
#14 /home/fdaei/Downloads/sahra-fullstack/sahra/vendor/laravel/framework/src/Illuminate/Database/Migrations/Migrator.php(671): Illuminate\\Database\\Console\\Migrations\\MigrateCommand->{closure:Illuminate\\Database\\Console\\Migrations\\MigrateCommand::runMigrations():109}()
#15 /home/fdaei/Downloads/sahra-fullstack/sahra/vendor/laravel/framework/src/Illuminate/Database/Console/Migrations/MigrateCommand.php(109): Illuminate\\Database\\Migrations\\Migrator->usingConnection()
#16 /home/fdaei/Downloads/sahra-fullstack/sahra/vendor/laravel/framework/src/Illuminate/Database/Console/Migrations/MigrateCommand.php(88): Illuminate\\Database\\Console\\Migrations\\MigrateCommand->runMigrations()
#17 /home/fdaei/Downloads/sahra-fullstack/sahra/vendor/laravel/framework/src/Illuminate/Container/BoundMethod.php(36): Illuminate\\Database\\Console\\Migrations\\MigrateCommand->handle()
#18 /home/fdaei/Downloads/sahra-fullstack/sahra/vendor/laravel/framework/src/Illuminate/Container/Util.php(43): Illuminate\\Container\\BoundMethod::{closure:Illuminate\\Container\\BoundMethod::call():35}()
#19 /home/fdaei/Downloads/sahra-fullstack/sahra/vendor/laravel/framework/src/Illuminate/Container/BoundMethod.php(96): Illuminate\\Container\\Util::unwrapIfClosure()
#20 /home/fdaei/Downloads/sahra-fullstack/sahra/vendor/laravel/framework/src/Illuminate/Container/BoundMethod.php(35): Illuminate\\Container\\BoundMethod::callBoundMethod()
#21 /home/fdaei/Downloads/sahra-fullstack/sahra/vendor/laravel/framework/src/Illuminate/Container/Container.php(799): Illuminate\\Container\\BoundMethod::call()
#22 /home/fdaei/Downloads/sahra-fullstack/sahra/vendor/laravel/framework/src/Illuminate/Console/Command.php(211): Illuminate\\Container\\Container->call()
#23 /home/fdaei/Downloads/sahra-fullstack/sahra/vendor/symfony/console/Command/Command.php(341): Illuminate\\Console\\Command->execute()
#24 /home/fdaei/Downloads/sahra-fullstack/sahra/vendor/laravel/framework/src/Illuminate/Console/Command.php(180): Symfony\\Component\\Console\\Command\\Command->run()
#25 /home/fdaei/Downloads/sahra-fullstack/sahra/vendor/symfony/console/Application.php(1117): Illuminate\\Console\\Command->run()
#26 /home/fdaei/Downloads/sahra-fullstack/sahra/vendor/symfony/console/Application.php(356): Symfony\\Component\\Console\\Application->doRunCommand()
#27 /home/fdaei/Downloads/sahra-fullstack/sahra/vendor/symfony/console/Application.php(195): Symfony\\Component\\Console\\Application->doRun()
#28 /home/fdaei/Downloads/sahra-fullstack/sahra/vendor/laravel/framework/src/Illuminate/Foundation/Console/Kernel.php(198): Symfony\\Component\\Console\\Application->run()
#29 /home/fdaei/Downloads/sahra-fullstack/sahra/vendor/laravel/framework/src/Illuminate/Foundation/Application.php(1235): Illuminate\\Foundation\\Console\\Kernel->handle()
#30 /home/fdaei/Downloads/sahra-fullstack/sahra/artisan(14): Illuminate\\Foundation\\Application->handleCommand()
#31 {main}

[previous exception] [object] (PDOException(code: 1045): SQLSTATE[HY000] [1045] Access denied for user 'root'@'localhost' (using password: NO) at /home/fdaei/Downloads/sahra-fullstack/sahra/vendor/laravel/framework/src/Illuminate/Database/Connectors/Connector.php:67)
[stacktrace]
#0 /home/fdaei/Downloads/sahra-fullstack/sahra/vendor/laravel/framework/src/Illuminate/Database/Connectors/Connector.php(67): PDO::connect()
#1 /home/fdaei/Downloads/sahra-fullstack/sahra/vendor/laravel/framework/src/Illuminate/Database/Connectors/Connector.php(85): Illuminate\\Database\\Connectors\\Connector->createPdoConnection()
#2 /home/fdaei/Downloads/sahra-fullstack/sahra/vendor/laravel/framework/src/Illuminate/Database/Connectors/Connector.php(48): Illuminate\\Database\\Connectors\\Connector->tryAgainIfCausedByLostConnection()
#3 /home/fdaei/Downloads/sahra-fullstack/sahra/vendor/laravel/framework/src/Illuminate/Database/Connectors/MySqlConnector.php(24): Illuminate\\Database\\Connectors\\Connector->createConnection()
#4 /home/fdaei/Downloads/sahra-fullstack/sahra/vendor/laravel/framework/src/Illuminate/Database/Connectors/ConnectionFactory.php(186): Illuminate\\Database\\Connectors\\MySqlConnector->connect()
#5 [internal function]: Illuminate\\Database\\Connectors\\ConnectionFactory->{closure:Illuminate\\Database\\Connectors\\ConnectionFactory::createPdoResolverWithHosts():181}()
#6 /home/fdaei/Downloads/sahra-fullstack/sahra/vendor/laravel/framework/src/Illuminate/Database/Connection.php(1257): call_user_func()
#7 /home/fdaei/Downloads/sahra-fullstack/sahra/vendor/laravel/framework/src/Illuminate/Database/Connection.php(1295): Illuminate\\Database\\Connection->getPdo()
#8 /home/fdaei/Downloads/sahra-fullstack/sahra/vendor/laravel/framework/src/Illuminate/Database/Connection.php(525): Illuminate\\Database\\Connection->getReadPdo()
#9 /home/fdaei/Downloads/sahra-fullstack/sahra/vendor/laravel/framework/src/Illuminate/Database/Connection.php(420): Illuminate\\Database\\Connection->getPdoForSelect()
#10 /home/fdaei/Downloads/sahra-fullstack/sahra/vendor/laravel/framework/src/Illuminate/Database/Connection.php(827): Illuminate\\Database\\Connection->{closure:Illuminate\\Database\\Connection::select():411}()
#11 /home/fdaei/Downloads/sahra-fullstack/sahra/vendor/laravel/framework/src/Illuminate/Database/Connection.php(999): Illuminate\\Database\\Connection->runQueryCallback()
#12 /home/fdaei/Downloads/sahra-fullstack/sahra/vendor/laravel/framework/src/Illuminate/Database/Connection.php(978): Illuminate\\Database\\Connection->tryAgainIfCausedByLostConnection()
#13 /home/fdaei/Downloads/sahra-fullstack/sahra/vendor/laravel/framework/src/Illuminate/Database/Connection.php(796): Illuminate\\Database\\Connection->handleQueryException()
#14 /home/fdaei/Downloads/sahra-fullstack/sahra/vendor/laravel/framework/src/Illuminate/Database/Connection.php(411): Illuminate\\Database\\Connection->run()
#15 /home/fdaei/Downloads/sahra-fullstack/sahra/vendor/laravel/framework/src/Illuminate/Database/Connection.php(357): Illuminate\\Database\\Connection->select()
#16 /home/fdaei/Downloads/sahra-fullstack/sahra/vendor/laravel/framework/src/Illuminate/Database/Connection.php(374): Illuminate\\Database\\Connection->selectOne()
#17 /home/fdaei/Downloads/sahra-fullstack/sahra/vendor/laravel/framework/src/Illuminate/Database/Schema/Builder.php(176): Illuminate\\Database\\Connection->scalar()
#18 /home/fdaei/Downloads/sahra-fullstack/sahra/vendor/laravel/framework/src/Illuminate/Database/Migrations/DatabaseMigrationRepository.php(185): Illuminate\\Database\\Schema\\Builder->hasTable()
#19 /home/fdaei/Downloads/sahra-fullstack/sahra/vendor/laravel/framework/src/Illuminate/Database/Migrations/Migrator.php(758): Illuminate\\Database\\Migrations\\DatabaseMigrationRepository->repositoryExists()
#20 /home/fdaei/Downloads/sahra-fullstack/sahra/vendor/laravel/framework/src/Illuminate/Database/Console/Migrations/MigrateCommand.php(164): Illuminate\\Database\\Migrations\\Migrator->repositoryExists()
#21 /home/fdaei/Downloads/sahra-fullstack/sahra/vendor/laravel/framework/src/Illuminate/Support/helpers.php(328): Illuminate\\Database\\Console\\Migrations\\MigrateCommand->{closure:Illuminate\\Database\\Console\\Migrations\\MigrateCommand::repositoryExists():164}()
#22 /home/fdaei/Downloads/sahra-fullstack/sahra/vendor/laravel/framework/src/Illuminate/Database/Console/Migrations/MigrateCommand.php(164): retry()
#23 /home/fdaei/Downloads/sahra-fullstack/sahra/vendor/laravel/framework/src/Illuminate/Database/Console/Migrations/MigrateCommand.php(140): Illuminate\\Database\\Console\\Migrations\\MigrateCommand->repositoryExists()
#24 /home/fdaei/Downloads/sahra-fullstack/sahra/vendor/laravel/framework/src/Illuminate/Database/Console/Migrations/MigrateCommand.php(110): Illuminate\\Database\\Console\\Migrations\\MigrateCommand->prepareDatabase()
#25 /home/fdaei/Downloads/sahra-fullstack/sahra/vendor/laravel/framework/src/Illuminate/Database/Migrations/Migrator.php(671): Illuminate\\Database\\Console\\Migrations\\MigrateCommand->{closure:Illuminate\\Database\\Console\\Migrations\\MigrateCommand::runMigrations():109}()
#26 /home/fdaei/Downloads/sahra-fullstack/sahra/vendor/laravel/framework/src/Illuminate/Database/Console/Migrations/MigrateCommand.php(109): Illuminate\\Database\\Migrations\\Migrator->usingConnection()
#27 /home/fdaei/Downloads/sahra-fullstack/sahra/vendor/laravel/framework/src/Illuminate/Database/Console/Migrations/MigrateCommand.php(88): Illuminate\\Database\\Console\\Migrations\\MigrateCommand->runMigrations()
#28 /home/fdaei/Downloads/sahra-fullstack/sahra/vendor/laravel/framework/src/Illuminate/Container/BoundMethod.php(36): Illuminate\\Database\\Console\\Migrations\\MigrateCommand->handle()
#29 /home/fdaei/Downloads/sahra-fullstack/sahra/vendor/laravel/framework/src/Illuminate/Container/Util.php(43): Illuminate\\Container\\BoundMethod::{closure:Illuminate\\Container\\BoundMethod::call():35}()
#30 /home/fdaei/Downloads/sahra-fullstack/sahra/vendor/laravel/framework/src/Illuminate/Container/BoundMethod.php(96): Illuminate\\Container\\Util::unwrapIfClosure()
#31 /home/fdaei/Downloads/sahra-fullstack/sahra/vendor/laravel/framework/src/Illuminate/Container/BoundMethod.php(35): Illuminate\\Container\\BoundMethod::callBoundMethod()
#32 /home/fdaei/Downloads/sahra-fullstack/sahra/vendor/laravel/framework/src/Illuminate/Container/Container.php(799): Illuminate\\Container\\BoundMethod::call()
#33 /home/fdaei/Downloads/sahra-fullstack/sahra/vendor/laravel/framework/src/Illuminate/Console/Command.php(211): Illuminate\\Container\\Container->call()
#34 /home/fdaei/Downloads/sahra-fullstack/sahra/vendor/symfony/console/Command/Command.php(341): Illuminate\\Console\\Command->execute()
#35 /home/fdaei/Downloads/sahra-fullstack/sahra/vendor/laravel/framework/src/Illuminate/Console/Command.php(180): Symfony\\Component\\Console\\Command\\Command->run()
#36 /home/fdaei/Downloads/sahra-fullstack/sahra/vendor/symfony/console/Application.php(1117): Illuminate\\Console\\Command->run()
#37 /home/fdaei/Downloads/sahra-fullstack/sahra/vendor/symfony/console/Application.php(356): Symfony\\Component\\Console\\Application->doRunCommand()
#38 /home/fdaei/Downloads/sahra-fullstack/sahra/vendor/symfony/console/Application.php(195): Symfony\\Component\\Console\\Application->doRun()
#39 /home/fdaei/Downloads/sahra-fullstack/sahra/vendor/laravel/framework/src/Illuminate/Foundation/Console/Kernel.php(198): Symfony\\Component\\Console\\Application->run()
#40 /home/fdaei/Downloads/sahra-fullstack/sahra/vendor/laravel/framework/src/Illuminate/Foundation/Application.php(1235): Illuminate\\Foundation\\Console\\Kernel->handle()
#41 /home/fdaei/Downloads/sahra-fullstack/sahra/artisan(14): Illuminate\\Foundation\\Application->handleCommand()
#42 {main}
"} 
[2026-07-25 07:02:58] local.ERROR: SQLSTATE[HY000] [1045] Access denied for user 'root'@'localhost' (using password: NO) (Connection: mysql, Host: 127.0.0.1, Port: 3306, Database: sahra, SQL: delete from `cache` where `key` in (spatie.permission.cache, illuminate:cache:flexible:created:spatie.permission.cache)) {"exception":"[object] (Illuminate\\Database\\QueryException(code: 1045): SQLSTATE[HY000] [1045] Access denied for user 'root'@'localhost' (using password: NO) (Connection: mysql, Host: 127.0.0.1, Port: 3306, Database: sahra, SQL: delete from `cache` where `key` in (spatie.permission.cache, illuminate:cache:flexible:created:spatie.permission.cache)) at /home/fdaei/Downloads/sahra-fullstack/sahra/vendor/laravel/framework/src/Illuminate/Database/Connection.php:838)
[stacktrace]
#0 /home/fdaei/Downloads/sahra-fullstack/sahra/vendor/laravel/framework/src/Illuminate/Database/Connection.php(999): Illuminate\\Database\\Connection->runQueryCallback()
#1 /home/fdaei/Downloads/sahra-fullstack/sahra/vendor/laravel/framework/src/Illuminate/Database/Connection.php(978): Illuminate\\Database\\Connection->tryAgainIfCausedByLostConnection()
#2 /home/fdaei/Downloads/sahra-fullstack/sahra/vendor/laravel/framework/src/Illuminate/Database/Connection.php(796): Illuminate\\Database\\Connection->handleQueryException()
#3 /home/fdaei/Downloads/sahra-fullstack/sahra/vendor/laravel/framework/src/Illuminate/Database/Connection.php(597): Illuminate\\Database\\Connection->run()
#4 /home/fdaei/Downloads/sahra-fullstack/sahra/vendor/laravel/framework/src/Illuminate/Database/Connection.php(561): Illuminate\\Database\\Connection->affectingStatement()
#5 /home/fdaei/Downloads/sahra-fullstack/sahra/vendor/laravel/framework/src/Illuminate/Database/Query/Builder.php(4426): Illuminate\\Database\\Connection->delete()
#6 /home/fdaei/Downloads/sahra-fullstack/sahra/vendor/laravel/framework/src/Illuminate/Cache/DatabaseStore.php(398): Illuminate\\Database\\Query\\Builder->delete()
#7 /home/fdaei/Downloads/sahra-fullstack/sahra/vendor/laravel/framework/src/Illuminate/Cache/DatabaseStore.php(373): Illuminate\\Cache\\DatabaseStore->forgetMany()
#8 /home/fdaei/Downloads/sahra-fullstack/sahra/vendor/laravel/framework/src/Illuminate/Cache/Repository.php(710): Illuminate\\Cache\\DatabaseStore->forget()
#9 /home/fdaei/Downloads/sahra-fullstack/sahra/vendor/spatie/laravel-permission/src/PermissionRegistrar.php(145): Illuminate\\Cache\\Repository->forget()
#10 /home/fdaei/Downloads/sahra-fullstack/sahra/database/seeders/RolePermissionSeeder.php(77): Spatie\\Permission\\PermissionRegistrar->forgetCachedPermissions()
#11 /home/fdaei/Downloads/sahra-fullstack/sahra/vendor/laravel/framework/src/Illuminate/Container/BoundMethod.php(36): Database\\Seeders\\RolePermissionSeeder->run()
#12 /home/fdaei/Downloads/sahra-fullstack/sahra/vendor/laravel/framework/src/Illuminate/Container/Util.php(43): Illuminate\\Container\\BoundMethod::{closure:Illuminate\\Container\\BoundMethod::call():35}()
#13 /home/fdaei/Downloads/sahra-fullstack/sahra/vendor/laravel/framework/src/Illuminate/Container/BoundMethod.php(96): Illuminate\\Container\\Util::unwrapIfClosure()
#14 /home/fdaei/Downloads/sahra-fullstack/sahra/vendor/laravel/framework/src/Illuminate/Container/BoundMethod.php(35): Illuminate\\Container\\BoundMethod::callBoundMethod()
#15 /home/fdaei/Downloads/sahra-fullstack/sahra/vendor/laravel/framework/src/Illuminate/Container/Container.php(799): Illuminate\\Container\\BoundMethod::call()
#16 /home/fdaei/Downloads/sahra-fullstack/sahra/vendor/laravel/framework/src/Illuminate/Database/Seeder.php(184): Illuminate\\Container\\Container->call()
#17 /home/fdaei/Downloads/sahra-fullstack/sahra/vendor/laravel/framework/src/Illuminate/Database/Seeder.php(193): Illuminate\\Database\\Seeder->{closure:Illuminate\\Database\\Seeder::__invoke():183}()
#18 /home/fdaei/Downloads/sahra-fullstack/sahra/vendor/laravel/framework/src/Illuminate/Database/Seeder.php(59): Illuminate\\Database\\Seeder->__invoke()
#19 /home/fdaei/Downloads/sahra-fullstack/sahra/database/seeders/DatabaseSeeder.php(23): Illuminate\\Database\\Seeder->call()
#20 /home/fdaei/Downloads/sahra-fullstack/sahra/vendor/laravel/framework/src/Illuminate/Container/BoundMethod.php(36): Database\\Seeders\\DatabaseSeeder->run()
#21 /home/fdaei/Downloads/sahra-fullstack/sahra/vendor/laravel/framework/src/Illuminate/Container/Util.php(43): Illuminate\\Container\\BoundMethod::{closure:Illuminate\\Container\\BoundMethod::call():35}()
#22 /home/fdaei/Downloads/sahra-fullstack/sahra/vendor/laravel/framework/src/Illuminate/Container/BoundMethod.php(96): Illuminate\\Container\\Util::unwrapIfClosure()
#23 /home/fdaei/Downloads/sahra-fullstack/sahra/vendor/laravel/framework/src/Illuminate/Container/BoundMethod.php(35): Illuminate\\Container\\BoundMethod::callBoundMethod()
#24 /home/fdaei/Downloads/sahra-fullstack/sahra/vendor/laravel/framework/src/Illuminate/Container/Container.php(799): Illuminate\\Container\\BoundMethod::call()
#25 /home/fdaei/Downloads/sahra-fullstack/sahra/vendor/laravel/framework/src/Illuminate/Database/Seeder.php(184): Illuminate\\Container\\Container->call()
#26 /home/fdaei/Downloads/sahra-fullstack/sahra/vendor/laravel/framework/src/Illuminate/Database/Seeder.php(193): Illuminate\\Database\\Seeder->{closure:Illuminate\\Database\\Seeder::__invoke():183}()
#27 /home/fdaei/Downloads/sahra-fullstack/sahra/vendor/laravel/framework/src/Illuminate/Database/Console/Seeds/SeedCommand.php(71): Illuminate\\Database\\Seeder->__invoke()
#28 /home/fdaei/Downloads/sahra-fullstack/sahra/vendor/laravel/framework/src/Illuminate/Database/Eloquent/Concerns/GuardsAttributes.php(157): Illuminate\\Database\\Console\\Seeds\\SeedCommand->{closure:Illuminate\\Database\\Console\\Seeds\\SeedCommand::handle():70}()
#29 /home/fdaei/Downloads/sahra-fullstack/sahra/vendor/laravel/framework/src/Illuminate/Database/Console/Seeds/SeedCommand.php(70): Illuminate\\Database\\Eloquent\\Model::unguarded()
#30 /home/fdaei/Downloads/sahra-fullstack/sahra/vendor/laravel/framework/src/Illuminate/Container/BoundMethod.php(36): Illuminate\\Database\\Console\\Seeds\\SeedCommand->handle()
#31 /home/fdaei/Downloads/sahra-fullstack/sahra/vendor/laravel/framework/src/Illuminate/Container/Util.php(43): Illuminate\\Container\\BoundMethod::{closure:Illuminate\\Container\\BoundMethod::call():35}()
#32 /home/fdaei/Downloads/sahra-fullstack/sahra/vendor/laravel/framework/src/Illuminate/Container/BoundMethod.php(96): Illuminate\\Container\\Util::unwrapIfClosure()
#33 /home/fdaei/Downloads/sahra-fullstack/sahra/vendor/laravel/framework/src/Illuminate/Container/BoundMethod.php(35): Illuminate\\Container\\BoundMethod::callBoundMethod()
#34 /home/fdaei/Downloads/sahra-fullstack/sahra/vendor/laravel/framework/src/Illuminate/Container/Container.php(799): Illuminate\\Container\\BoundMethod::call()
#35 /home/fdaei/Downloads/sahra-fullstack/sahra/vendor/laravel/framework/src/Illuminate/Console/Command.php(211): Illuminate\\Container\\Container->call()
#36 /home/fdaei/Downloads/sahra-fullstack/sahra/vendor/symfony/console/Command/Command.php(341): Illuminate\\Console\\Command->execute()
#37 /home/fdaei/Downloads/sahra-fullstack/sahra/vendor/laravel/framework/src/Illuminate/Console/Command.php(180): Symfony\\Component\\Console\\Command\\Command->run()
#38 /home/fdaei/Downloads/sahra-fullstack/sahra/vendor/symfony/console/Application.php(1117): Illuminate\\Console\\Command->run()
#39 /home/fdaei/Downloads/sahra-fullstack/sahra/vendor/symfony/console/Application.php(356): Symfony\\Component\\Console\\Application->doRunCommand()
#40 /home/fdaei/Downloads/sahra-fullstack/sahra/vendor/symfony/console/Application.php(195): Symfony\\Component\\Console\\Application->doRun()
#41 /home/fdaei/Downloads/sahra-fullstack/sahra/vendor/laravel/framework/src/Illuminate/Foundation/Console/Kernel.php(198): Symfony\\Component\\Console\\Application->run()
#42 /home/fdaei/Downloads/sahra-fullstack/sahra/vendor/laravel/framework/src/Illuminate/Foundation/Application.php(1235): Illuminate\\Foundation\\Console\\Kernel->handle()
#43 /home/fdaei/Downloads/sahra-fullstack/sahra/artisan(14): Illuminate\\Foundation\\Application->handleCommand()
#44 {main}

[previous exception] [object] (PDOException(code: 1045): SQLSTATE[HY000] [1045] Access denied for user 'root'@'localhost' (using password: NO) at /home/fdaei/Downloads/sahra-fullstack/sahra/vendor/laravel/framework/src/Illuminate/Database/Connectors/Connector.php:67)
[stacktrace]
#0 /home/fdaei/Downloads/sahra-fullstack/sahra/vendor/laravel/framework/src/Illuminate/Database/Connectors/Connector.php(67): PDO::connect()
#1 /home/fdaei/Downloads/sahra-fullstack/sahra/vendor/laravel/framework/src/Illuminate/Database/Connectors/Connector.php(85): Illuminate\\Database\\Connectors\\Connector->createPdoConnection()
#2 /home/fdaei/Downloads/sahra-fullstack/sahra/vendor/laravel/framework/src/Illuminate/Database/Connectors/Connector.php(48): Illuminate\\Database\\Connectors\\Connector->tryAgainIfCausedByLostConnection()
#3 /home/fdaei/Downloads/sahra-fullstack/sahra/vendor/laravel/framework/src/Illuminate/Database/Connectors/MySqlConnector.php(24): Illuminate\\Database\\Connectors\\Connector->createConnection()
#4 /home/fdaei/Downloads/sahra-fullstack/sahra/vendor/laravel/framework/src/Illuminate/Database/Connectors/ConnectionFactory.php(186): Illuminate\\Database\\Connectors\\MySqlConnector->connect()
#5 [internal function]: Illuminate\\Database\\Connectors\\ConnectionFactory->{closure:Illuminate\\Database\\Connectors\\ConnectionFactory::createPdoResolverWithHosts():181}()
#6 /home/fdaei/Downloads/sahra-fullstack/sahra/vendor/laravel/framework/src/Illuminate/Database/Connection.php(1257): call_user_func()
#7 /home/fdaei/Downloads/sahra-fullstack/sahra/vendor/laravel/framework/src/Illuminate/Database/Connection.php(605): Illuminate\\Database\\Connection->getPdo()
#8 /home/fdaei/Downloads/sahra-fullstack/sahra/vendor/laravel/framework/src/Illuminate/Database/Connection.php(827): Illuminate\\Database\\Connection->{closure:Illuminate\\Database\\Connection::affectingStatement():597}()
#9 /home/fdaei/Downloads/sahra-fullstack/sahra/vendor/laravel/framework/src/Illuminate/Database/Connection.php(999): Illuminate\\Database\\Connection->runQueryCallback()
#10 /home/fdaei/Downloads/sahra-fullstack/sahra/vendor/laravel/framework/src/Illuminate/Database/Connection.php(978): Illuminate\\Database\\Connection->tryAgainIfCausedByLostConnection()
#11 /home/fdaei/Downloads/sahra-fullstack/sahra/vendor/laravel/framework/src/Illuminate/Database/Connection.php(796): Illuminate\\Database\\Connection->handleQueryException()
#12 /home/fdaei/Downloads/sahra-fullstack/sahra/vendor/laravel/framework/src/Illuminate/Database/Connection.php(597): Illuminate\\Database\\Connection->run()
#13 /home/fdaei/Downloads/sahra-fullstack/sahra/vendor/laravel/framework/src/Illuminate/Database/Connection.php(561): Illuminate\\Database\\Connection->affectingStatement()
#14 /home/fdaei/Downloads/sahra-fullstack/sahra/vendor/laravel/framework/src/Illuminate/Database/Query/Builder.php(4426): Illuminate\\Database\\Connection->delete()
#15 /home/fdaei/Downloads/sahra-fullstack/sahra/vendor/laravel/framework/src/Illuminate/Cache/DatabaseStore.php(398): Illuminate\\Database\\Query\\Builder->delete()
#16 /home/fdaei/Downloads/sahra-fullstack/sahra/vendor/laravel/framework/src/Illuminate/Cache/DatabaseStore.php(373): Illuminate\\Cache\\DatabaseStore->forgetMany()
#17 /home/fdaei/Downloads/sahra-fullstack/sahra/vendor/laravel/framework/src/Illuminate/Cache/Repository.php(710): Illuminate\\Cache\\DatabaseStore->forget()
#18 /home/fdaei/Downloads/sahra-fullstack/sahra/vendor/spatie/laravel-permission/src/PermissionRegistrar.php(145): Illuminate\\Cache\\Repository->forget()
#19 /home/fdaei/Downloads/sahra-fullstack/sahra/database/seeders/RolePermissionSeeder.php(77): Spatie\\Permission\\PermissionRegistrar->forgetCachedPermissions()
#20 /home/fdaei/Downloads/sahra-fullstack/sahra/vendor/laravel/framework/src/Illuminate/Container/BoundMethod.php(36): Database\\Seeders\\RolePermissionSeeder->run()
#21 /home/fdaei/Downloads/sahra-fullstack/sahra/vendor/laravel/framework/src/Illuminate/Container/Util.php(43): Illuminate\\Container\\BoundMethod::{closure:Illuminate\\Container\\BoundMethod::call():35}()
#22 /home/fdaei/Downloads/sahra-fullstack/sahra/vendor/laravel/framework/src/Illuminate/Container/BoundMethod.php(96): Illuminate\\Container\\Util::unwrapIfClosure()
#23 /home/fdaei/Downloads/sahra-fullstack/sahra/vendor/laravel/framework/src/Illuminate/Container/BoundMethod.php(35): Illuminate\\Container\\BoundMethod::callBoundMethod()
#24 /home/fdaei/Downloads/sahra-fullstack/sahra/vendor/laravel/framework/src/Illuminate/Container/Container.php(799): Illuminate\\Container\\BoundMethod::call()
#25 /home/fdaei/Downloads/sahra-fullstack/sahra/vendor/laravel/framework/src/Illuminate/Database/Seeder.php(184): Illuminate\\Container\\Container->call()
#26 /home/fdaei/Downloads/sahra-fullstack/sahra/vendor/laravel/framework/src/Illuminate/Database/Seeder.php(193): Illuminate\\Database\\Seeder->{closure:Illuminate\\Database\\Seeder::__invoke():183}()
#27 /home/fdaei/Downloads/sahra-fullstack/sahra/vendor/laravel/framework/src/Illuminate/Database/Seeder.php(59): Illuminate\\Database\\Seeder->__invoke()
#28 /home/fdaei/Downloads/sahra-fullstack/sahra/database/seeders/DatabaseSeeder.php(23): Illuminate\\Database\\Seeder->call()
#29 /home/fdaei/Downloads/sahra-fullstack/sahra/vendor/laravel/framework/src/Illuminate/Container/BoundMethod.php(36): Database\\Seeders\\DatabaseSeeder->run()
#30 /home/fdaei/Downloads/sahra-fullstack/sahra/vendor/laravel/framework/src/Illuminate/Container/Util.php(43): Illuminate\\Container\\BoundMethod::{closure:Illuminate\\Container\\BoundMethod::call():35}()
#31 /home/fdaei/Downloads/sahra-fullstack/sahra/vendor/laravel/framework/src/Illuminate/Container/BoundMethod.php(96): Illuminate\\Container\\Util::unwrapIfClosure()
#32 /home/fdaei/Downloads/sahra-fullstack/sahra/vendor/laravel/framework/src/Illuminate/Container/BoundMethod.php(35): Illuminate\\Container\\BoundMethod::callBoundMethod()
#33 /home/fdaei/Downloads/sahra-fullstack/sahra/vendor/laravel/framework/src/Illuminate/Container/Container.php(799): Illuminate\\Container\\BoundMethod::call()
#34 /home/fdaei/Downloads/sahra-fullstack/sahra/vendor/laravel/framework/src/Illuminate/Database/Seeder.php(184): Illuminate\\Container\\Container->call()
#35 /home/fdaei/Downloads/sahra-fullstack/sahra/vendor/laravel/framework/src/Illuminate/Database/Seeder.php(193): Illuminate\\Database\\Seeder->{closure:Illuminate\\Database\\Seeder::__invoke():183}()
#36 /home/fdaei/Downloads/sahra-fullstack/sahra/vendor/laravel/framework/src/Illuminate/Database/Console/Seeds/SeedCommand.php(71): Illuminate\\Database\\Seeder->__invoke()
#37 /home/fdaei/Downloads/sahra-fullstack/sahra/vendor/laravel/framework/src/Illuminate/Database/Eloquent/Concerns/GuardsAttributes.php(157): Illuminate\\Database\\Console\\Seeds\\SeedCommand->{closure:Illuminate\\Database\\Console\\Seeds\\SeedCommand::handle():70}()
#38 /home/fdaei/Downloads/sahra-fullstack/sahra/vendor/laravel/framework/src/Illuminate/Database/Console/Seeds/SeedCommand.php(70): Illuminate\\Database\\Eloquent\\Model::unguarded()
#39 /home/fdaei/Downloads/sahra-fullstack/sahra/vendor/laravel/framework/src/Illuminate/Container/BoundMethod.php(36): Illuminate\\Database\\Console\\Seeds\\SeedCommand->handle()
#40 /home/fdaei/Downloads/sahra-fullstack/sahra/vendor/laravel/framework/src/Illuminate/Container/Util.php(43): Illuminate\\Container\\BoundMethod::{closure:Illuminate\\Container\\BoundMethod::call():35}()
#41 /home/fdaei/Downloads/sahra-fullstack/sahra/vendor/laravel/framework/src/Illuminate/Container/BoundMethod.php(96): Illuminate\\Container\\Util::unwrapIfClosure()
#42 /home/fdaei/Downloads/sahra-fullstack/sahra/vendor/laravel/framework/src/Illuminate/Container/BoundMethod.php(35): Illuminate\\Container\\BoundMethod::callBoundMethod()
#43 /home/fdaei/Downloads/sahra-fullstack/sahra/vendor/laravel/framework/src/Illuminate/Container/Container.php(799): Illuminate\\Container\\BoundMethod::call()
#44 /home/fdaei/Downloads/sahra-fullstack/sahra/vendor/laravel/framework/src/Illuminate/Console/Command.php(211): Illuminate\\Container\\Container->call()
#45 /home/fdaei/Downloads/sahra-fullstack/sahra/vendor/symfony/console/Command/Command.php(341): Illuminate\\Console\\Command->execute()
#46 /home/fdaei/Downloads/sahra-fullstack/sahra/vendor/laravel/framework/src/Illuminate/Console/Command.php(180): Symfony\\Component\\Console\\Command\\Command->run()
#47 /home/fdaei/Downloads/sahra-fullstack/sahra/vendor/symfony/console/Application.php(1117): Illuminate\\Console\\Command->run()
#48 /home/fdaei/Downloads/sahra-fullstack/sahra/vendor/symfony/console/Application.php(356): Symfony\\Component\\Console\\Application->doRunCommand()
#49 /home/fdaei/Downloads/sahra-fullstack/sahra/vendor/symfony/console/Application.php(195): Symfony\\Component\\Console\\Application->doRun()
#50 /home/fdaei/Downloads/sahra-fullstack/sahra/vendor/laravel/framework/src/Illuminate/Foundation/Console/Kernel.php(198): Symfony\\Component\\Console\\Application->run()
#51 /home/fdaei/Downloads/sahra-fullstack/sahra/vendor/laravel/framework/src/Illuminate/Foundation/Application.php(1235): Illuminate\\Foundation\\Console\\Kernel->handle()
#52 /home/fdaei/Downloads/sahra-fullstack/sahra/artisan(14): Illuminate\\Foundation\\Application->handleCommand()
#53 {main}
"} 
